******************************************************************************
              TMS320C55x Linker PC v4.4.1                      
******************************************************************************
>> Linked Wed Aug 03 10:20:21 2016

OUTPUT FILE NAME:   <target_test.out>
ENTRY POINT SYMBOL: "_c_int00"  address: 000202c5


MEMORY CONFIGURATION

         name            origin    length      used     unused   attr    fill
                        (bytes)   (bytes)    (bytes)   (bytes)
----------------------  --------  ---------  --------  --------  ----  --------
  MMR                   00000000   000000c0  00000000  000000c0  RW  
  DARAM_0               000000c0   00001f40  00000000  00001f40  RW  
  DARAM_1               00002000   00002000  00000000  00002000  RW  
  DARAM_2               00004000   00002000  0000093c  000016c4  RW  
  DARAM_3               00006000   00002000  00000000  00002000  RW  
  DARAM_4               00008000   00002000  00000000  00002000  RW  
  DARAM_5               0000a000   00002000  00000000  00002000  RW  
  DARAM_6               0000c000   00002000  00000000  00002000  RW  
  DARAM_7               0000e000   00002000  00000000  00002000  RW  
  SARAM                 00010000   00040000  00015243  0002adbd  RW  
  SAROM_0               00ff0000   00008000  00000000  00008000  R  X
  SAROM_1               00ff8000   00007f00  00000000  00007f00  R  X
  VECS                  00ffff00   00000100  00000000  00000100  R  X


SECTION ALLOCATION MAP
(Addresses surrounded by []'s are displayed for convenience only!)

output                                                          attributes/
section   page  orgn(bytes) orgn(words) len(bytes) len(words)   input sections
--------  ----  ----------- ----------- ---------- ----------   --------------
.pinit       0   [ 00010000 ]  00008000          *   00000000   UNINITIALIZED

.stack       0   [ 00004000 ]  00002000          *   00000200   UNINITIALIZED
                 [ 00004000 ]  00002000          *   00000200   --HOLE--

.sysstack 
*            0   [ 00004400 ]  00002200          *   00000200   UNINITIALIZED
                 [ 00004400 ]  00002200          *   00000200   --HOLE--

.fir2DlyBuf 
*            0   [ 00004800 ]  00002400          *   0000007a   UNINITIALIZED
                 [ 00004800 ]  00002400          *   0000007a   IdleLoop.obj (.fir2DlyBuf)

.fir1DlyBuf 
*            0   [ 000048f4 ]  0000247a          *   00000024   UNINITIALIZED
                 [ 000048f4 ]  0000247a          *   00000024   IdleLoop.obj (.fir1DlyBuf)

.data        0   [ 00010000 ]  00008000          *   00000000   UNINITIALIZED

.bss         0   [ 00010000 ]  00008000          *   0000424b   UNINITIALIZED
                 [ 00010000 ]  00008000          *   00003f22   IdleLoop.obj (.bss)
                 [ 00017e44 ]  0000bf22          *   00000119   rts55x.lib : defs.obj (.bss)
                 [ 00018076 ]  0000c03b          *   000000d0              : trgdrv.obj (.bss)
                 [ 00018216 ]  0000c10b          *   00000001              : fopen.obj (.bss)
                 [ 00018218 ]  0000c10c          *   00000084   C55XXCSL_LP.lib : csl_intc.obj (.bss)
                 [ 00018320 ]  0000c190          *   00000071   rts55x.lib : lowlev.obj (.bss)
                 [ 00018402 ]  0000c201          *   0000002a   C55XXCSL_LP.lib : csl_i2s.obj (.bss)
                 [ 00018456 ]  0000c22b          *   00000001   --HOLE--
                 [ 00018458 ]  0000c22c          *   0000000e   pll_control.obj (.bss)
                 [ 00018474 ]  0000c23a          *   00000006   rts55x.lib : memory.obj (.bss)
                 [ 00018480 ]  0000c240          *   00000004              : _lock.obj (.bss)
                 [ 00018488 ]  0000c244          *   00000004              : exit.obj (.bss)
                 [ 00018490 ]  0000c248          *   00000003   C55XXCSL_LP.lib : csl_sysctrl.obj (.bss)

.text        0     00018496  [ 0000c24b ] 00007f57          *   
                   00018496  [ 0000c24b ] 00001f50          *   C55XXCSL_LP.lib : csl_dma.obj (.text)
                   0001a3e6  [ 0000d1f3 ] 000015a4          *   rts55x.lib : _printfi.obj (.text)
                   0001b98a  [ 0000dcc5 ] 00000997          *   C55XXCSL_LP.lib : csl_i2s.obj (.text)
                   0001c321  [ 0000e190+] 00000543          *   rts55x.lib : lowlev.obj (.text)
                   0001c864  [ 0000e432 ] 00000528          *              : trgdrv.obj (.text)
                   0001cd8c  [ 0000e6c6 ] 00000508          *   C55XXCSL_LP.lib : csl_intc.obj (.text)
                   0001d294  [ 0000e94a ] 000004b5          *   rts55x.lib : memory.obj (.text)
                   0001d749  [ 0000eba4+] 000003cc          *              : divd.obj (.text)
                   0001db15  [ 0000ed8a+] 00000354          *   C55XXCSL_LP.lib : csl_pll.obj (.text)
                   0001de69  [ 0000ef34+] 0000030e          *   IdleLoop.obj (.text:_I2sDmaInit)
                   0001e177  [ 0000f0bb+] 0000027f          *   rts55x.lib : fopen.obj (.text)
                   0001e3f6  [ 0000f1fb ] 0000025e          *   C55XXCSL_LP.lib : csl_sysctrl.obj (.text)
                   0001e654  [ 0000f32a ] 0000025e          *   rts55x.lib : llmpy.obj (.text)
                   0001e8b2  [ 0000f459 ] 0000025a          *              : addd.obj (.text)
                   0001eb0c  [ 0000f586 ] 000001ea          *              : cmpd.obj (.text)
                   0001ecf6  [ 0000f67b ] 00000183          *   pick_bits_cic_f2.obj (.text)
                   0001ee79  [ 0000f73c+] 00000163          *   rts55x.lib : fputs.obj (.text)
                   0001efdc  [ 0000f7ee ] 0000014c          *   pll_control.obj (.text:_pll_sample)
                   0001f128  [ 0000f894 ] 0000014c          *   rts55x.lib : mpyd.obj (.text)
                   0001f274  [ 0000f93a ] 0000011f          *   IdleLoop.obj (.text:_UserAlgorithm)
                   0001f393  [ 0000f9c9+] 000000e6          *   rts55x.lib : setvbuf.obj (.text)
                   0001f479  [ 0000fa3c+] 000000dd          *              : _io_perm.obj (.text)
                   0001f556  [ 0000faab ] 000000c6          *   IdleLoop.obj (.text:_main)
                   0001f61c  [ 0000fb0e ] 000000c2          *   rts55x.lib : fflush.obj (.text)
                   0001f6de  [ 0000fb6f ] 000000ba          *              : trgmsg.obj (.text:CIO_breakpoint)
                   0001f798  [ 0000fbcc ] 000000a6          *              : fputc.obj (.text)
                   0001f83e  [ 0000fc1f ] 000000a1          *              : divul.obj (.text)
                   0001f8df  [ 0000fc6f+] 00000095          *   BlkFirDecim_f2.obj (.text)
                   0001f974  [ 0000fcba ] 0000008c          *   C55XXCSL_LP.lib : csl_irqplug.obj (.text)
                   0001fa00  [ 0000fd00 ] 0000007d          *   rts55x.lib : ltoa.obj (.text)
                   0001fa7d  [ 0000fd3e+] 0000007b          *   pll_control.obj (.text:_PLL_getConfig)
                   0001faf8  [ 0000fd7c ] 0000007b          *   rts55x.lib : fclose.obj (.text)
                   0001fb73  [ 0000fdb9+] 00000076          *              : frcmpyd.obj (.text)
                   0001fbe9  [ 0000fdf4+] 00000073          *              : frcmpyd_div.obj (.text)
                   0001fc5c  [ 0000fe2e ] 00000072          *              : remul.obj (.text)
                   0001fcce  [ 0000fe67 ] 00000070          *   IdleLoop.obj (.text:_ClockGatingAll)
                   0001fd3e  [ 0000fe9f ] 0000006f          *   rts55x.lib : fixdli.obj (.text)
                   0001fdad  [ 0000fed6+] 0000006d          *   C55XXCSL_LP.lib : vectors.obj (.text)
                   0001fe1a  [ 0000ff0d ] 0000006d          *   rts55x.lib : trgmsg.obj (.text)
                   0001fe87  [ 0000ff43+] 0000006b          *   IdleLoop.obj (.text:_DmaIsr)
                   0001fef2  [ 0000ff79 ] 0000006b          *   rts55x.lib : fseek.obj (.text)
                   0001ff5d  [ 0000ffae+] 00000067          *              : fltlid.obj (.text)
                   0001ffc4  [ 0000ffe2 ] 0000005c          *              : atoi.obj (.text)
                   00020020  [ 00010010 ] 00000050          *              : printf.obj (.text)
                   00020070  [ 00010038 ] 0000004d          *              : autoinit.obj (.text)
                   000200bd  [ 0001005e+] 0000004b          *              : args_main.obj (.text)
                   00020108  [ 00010084 ] 0000004b          *              : remli.obj (.text)
                   00020153  [ 000100a9+] 00000048          *              : divli.obj (.text)
                   0002019b  [ 000100cd+] 0000003f          *              : memcpy.obj (.text)
                   000201da  [ 000100ed ] 0000003e          *              : exit.obj (.text)
                   00020218  [ 0001010c ] 0000003b          *   diggain_f1.obj (.text)
                   00020253  [ 00010129+] 0000003a          *   IdleLoop.obj (.text:_DspLdoSwitch)
                   0002028d  [ 00010146+] 00000038          *   IdleLoop.obj (.text:_UsbLdoSwitch)
                   000202c5  [ 00010162+] 00000034          *   rts55x.lib : boot.obj (.text)
                   000202f9  [ 0001017c+] 0000002a          *              : fixdi.obj (.text)
                   00020323  [ 00010191+] 0000002a          *              : udiv.obj (.text)
                   0002034d  [ 000101a6+] 00000023          *              : memccpy.obj (.text)
                   00020370  [ 000101b8 ] 0000001a          *              : isinf.obj (.text)
                   0002038a  [ 000101c5 ] 00000014          *              : subd.obj (.text)
                   0002039e  [ 000101cf ] 00000013          *              : lmpy.obj (.text)
                   000203b1  [ 000101d8+] 00000012          *              : _lock.obj (.text)
                   000203c3  [ 000101e1+] 00000010          *              : negd.obj (.text)
                   000203d3  [ 000101e9+] 0000000a          *              : remove.obj (.text)
                   000203dd  [ 000101ee+] 00000007          *              : exit.obj (.text:CIO_breakpoint)
                   000203e4  [ 000101f2 ] 00000006          *   IdleLoop.obj (.text:_UserIdle)
                   000203ea  [ 000101f5 ] 00000002          *   rts55x.lib : vectors.obj (.text)
                   000203ec  [ 000101f6 ] 00000001          *   --HOLE-- [fill = 20]

.cicOutFrame 
*            0   [ 000203f0 ]  000101f8          *   00000a00   UNINITIALIZED
                 [ 000203f0 ]  000101f8          *   00000a00   IdleLoop.obj (.cicOutFrame)

.fir1OutFrame 
*            0   [ 000217f0 ]  00010bf8          *   00000500   UNINITIALIZED
                 [ 000217f0 ]  00010bf8          *   00000500   IdleLoop.obj (.fir1OutFrame)

.i2sDmaReadBufLeft 
*            0   [ 000221f0 ]  000110f8          *   00000500   UNINITIALIZED
                 [ 000221f0 ]  000110f8          *   00000500   IdleLoop.obj (.i2sDmaReadBufLeft)

.i2sDmaReadBufRight 
*            0   [ 00022bf0 ]  000115f8          *   00000500   UNINITIALIZED
                 [ 00022bf0 ]  000115f8          *   00000500   IdleLoop.obj (.i2sDmaReadBufRight)

.sysmem      0   [ 000235f0 ]  00011af8          *   00000400   UNINITIALIZED
                 [ 000235f0 ]  00011af8          *   00000400   --HOLE--

.const       0   [ 00023df0 ]  00011ef8          *   000002f2   
                 [ 00023df0 ]  00011ef8          *   00000194   IdleLoop.obj (.const:.string)
                 [ 00024118 ]  0001208c          *   00000101   rts55x.lib : ctype.obj (.const:__ctypes_)
                 [ 0002431a ]  0001218d          *   00000001   --HOLE-- [fill = 0]
                 [ 0002431c ]  0001218e          *   00000024              : _printfi.obj (.const:.string)
                 [ 00024364 ]  000121b2          *   0000000c              : _printfi.obj (.const)
                 [ 0002437c ]  000121be          *   00000008              : divd.obj (.const:_initial_approx$1)
                 [ 0002438c ]  000121c6          *   00000004   pll_control.obj (.const:_pllCfg_100MHz)
                 [ 00024394 ]  000121ca          *   00000004   pll_control.obj (.const:_pllCfg_120MHz)
                 [ 0002439c ]  000121ce          *   00000004   pll_control.obj (.const:_pllCfg_16p384MHz)
                 [ 000243a4 ]  000121d2          *   00000004   pll_control.obj (.const:_pllCfg_32p768MHz)
                 [ 000243ac ]  000121d6          *   00000004   pll_control.obj (.const:_pllCfg_40MHz)
                 [ 000243b4 ]  000121da          *   00000004   pll_control.obj (.const:_pllCfg_50MHz)
                 [ 000243bc ]  000121de          *   00000004   pll_control.obj (.const:_pllCfg_60MHz)
                 [ 000243c4 ]  000121e2          *   00000004   pll_control.obj (.const:_pllCfg_75MHz)
                 [ 000243cc ]  000121e6          *   00000002   rts55x.lib : fputs.obj (.const:.string)
                 [ 000243d0 ]  000121e8          *   00000002              : fltlid.obj (.const)

.fir2OutFrame 
*            0   [ 000243d4 ]  000121ea          *   00000280   UNINITIALIZED
                 [ 000243d4 ]  000121ea          *   00000280   IdleLoop.obj (.fir2OutFrame)

.digGainOutFrame 
*            0   [ 000248d4 ]  0001246a          *   00000140   UNINITIALIZED
                 [ 000248d4 ]  0001246a          *   00000140   IdleLoop.obj (.digGainOutFrame)

.cio         0   [ 00024b58 ]  000125ac          *   00000120   UNINITIALIZED
                 [ 00024b58 ]  000125ac          *   00000120   rts55x.lib : trgmsg.obj (.cio)

.cinit       0   [ 00024d98 ]  000126cc          *   0000008e   
                 [ 00024d98 ]  000126cc          *   0000002d   rts55x.lib : lowlev.obj (.cinit)
                 [ 00024df2 ]  000126f9          *   0000002a              : defs.obj (.cinit)
                 [ 00024e46 ]  00012723          *   00000012   IdleLoop.obj (.cinit)
                 [ 00024e6a ]  00012735          *   0000000a   rts55x.lib : _lock.obj (.cinit)
                 [ 00024e7e ]  0001273f          *   0000000a              : exit.obj (.cinit)
                 [ 00024e92 ]  00012749          *   00000008   C55XXCSL_LP.lib : csl_i2s.obj (.cinit)
                 [ 00024ea2 ]  00012751          *   00000004   rts55x.lib : fopen.obj (.cinit)
                 [ 00024eaa ]  00012755          *   00000004              : memory.obj (.cinit)
                 [ 00024eb2 ]  00012759          *   00000001   --HOLE-- [fill = 0]

.switch      0   [ 00024eb4 ]  0001275a          *   00000082   
                 [ 00024eb4 ]  0001275a          *   00000020   C55XXCSL_LP.lib : csl_dma.obj (.switch:_DMA_config)
                 [ 00024ef4 ]  0001277a          *   00000020                   : csl_dma.obj (.switch:_DMA_getConfig)
                 [ 00024f34 ]  0001279a          *   00000020                   : csl_dma.obj (.switch:_DMA_reset)
                 [ 00024f74 ]  000127ba          *   00000012                   : csl_sysctrl.obj (.switch:_SYS_setEBSR)
                 [ 00024f98 ]  000127cc          *   00000010   pll_control.obj (.switch:_pll_sample)

.fir1Coefs 
*            0   [ 00024fb8 ]  000127dc          *   0000000f   
                 [ 00024fb8 ]  000127dc          *   0000000f   IdleLoop.obj (.fir1Coefs)

.vectors_csl 
*            0     00025000  [ 00012800 ] 00000100          *   
                   00025000  [ 00012800 ] 00000100          *   C55XXCSL_LP.lib : vectors.obj (vectors)

.vectors_rts 
*            0     00025100  [ 00012880 ] 00000100          *   NOLOAD SECTION
                   00025100  [ 00012880 ] 00000100          *   rts55x.lib : vectors.obj (vectors)

.fir2Coefs 
*            0   [ 00025200 ]  00012900          *   0000003a   
                 [ 00025200 ]  00012900          *   0000003a   IdleLoop.obj (.fir2Coefs)


GLOBAL SYMBOLS: SORTED ALPHABETICALLY BY Name 

abs. value/
byte addr   word addr   name
---------   ---------   ----
00000002                $TI_capability$C5500$CallingConvention
00000002                $TI_capability$C5500$MemoryModel
00000001                $TI_capability_requires_rev3
            00008000    .bss
            00008000    .data
00018496                .text
000203de                C$$EXIT
0001f793                C$$IO$$
0002039e                I$$LMPY
00020323                I$$UDIV
00020338                I$$UMOD
00025000                RST
0001fcce                _ClockGatingAll
000185b9                _DMA_close
000185d8                _DMA_config
000196ac                _DMA_getConfig
0001a33a                _DMA_getLastTransferType
00018496                _DMA_init
000184cd                _DMA_open
00019fd9                _DMA_reset
00019dcb                _DMA_start
00019ed8                _DMA_stop
0001a2c5                _DMA_swapWords
0001fe87                _DmaIsr
00020253                _DspLdoSwitch
0001cd2e                _HOSTclock
0001ccc3                _HOSTclose
0001cc0e                _HOSTlseek
0001cb6f                _HOSTopen
0001cae2                _HOSTread
0001ca34                _HOSTrename
0001c9d6                _HOSTtime
0001c96c                _HOSTunlink
0001c8df                _HOSTwrite
0001bd70                _I2S_close
0001b98a                _I2S_open
0001be1b                _I2S_read
0001c22b                _I2S_reset
0001ba89                _I2S_setup
0001c2d6                _I2S_transEnable
0001c0d5                _I2S_write
0001de69                _I2sDmaInit
0001ce14                _IRQ_clear
0001ce67                _IRQ_clearAll
0001ce77                _IRQ_config
0001cf84                _IRQ_disable
0001d002                _IRQ_disableAll
0001d010                _IRQ_enable
0001d10a                _IRQ_getArg
0001cefc                _IRQ_getConfig
0001d24e                _IRQ_globalDisable
0001d267                _IRQ_globalEnable
0001d280                _IRQ_globalRestore
0001cd8c                _IRQ_init
0001d17f                _IRQ_map
0001f974                _IRQ_plug
0001d09a                _IRQ_restore
0001d14e                _IRQ_setArg
0001d1ab                _IRQ_setVecs
0001d1dc                _IRQ_test
            0000bf1e    _LoopCount
            0000c24a    _PG1_flag
            0000c249    _PG3_flag
            0000c248    _PG4_flag
0001dd15                _PLL_bypass
0001db77                _PLL_config
0001dcae                _PLL_enable
0001db3f                _PLL_init
0001dd64                _PLL_reset
00025100                _Reset
0001e3f6                _SYS_peripheralReset
0001e484                _SYS_setEBSR
0001e62f                _SYS_set_DSP_LDO_voltage
0002028d                _UsbLdoSwitch
0001f274                _UserAlgorithm
000203e4                _UserIdle
00025000                _VECSTART
            000125ac    __CIOBUF_
            00002200    __STACK_END
00000400                __STACK_SIZE
00000800                __SYSMEM_SIZE
00000400                __SYSSTACK_SIZE
00000001                __TI_args_main
ffffffff                ___binit__
            00008000    ___bss__
ffffffff                ___c_args__
            000126cc    ___cinit__
            00008000    ___data__
            00008000    ___edata__
            0000c24b    ___end__
000203ed                ___etext__
00020370                ___isinf
ffffffff                ___pinit__
00018496                ___text__
0001e8b2                __addd
000200bd                __args_main
0001e298                __cleanup
            0000c244    __cleanup_ptr
0001ec9e                __cmpd
            0001208c    __ctypes_
0001d749                __divd
00020153                __divli
0001e87d                __divlli
00020323                __divu
0001f83e                __divul
0001e789                __divull
0001f61c                __doflush
            0000c246    __dtors_ptr
0001ec6a                __eqld
000202f9                __fixdi
0001fd3e                __fixdli
0001ff5d                __fltlid
0001fb73                __frcmpyd
0001fbe9                __frcmpyd_div
            0000c03a    __ft_end
            0000bf22    __ftable
0001ec20                __geqd
0001ebd5                __gtrd
0001eb88                __leqd
            0000c240    __lock
0001eb40                __lssd
0001f128                __mpyd
0002039e                __mpyli
0001e6d1                __mpylli
000203c3                __negd
0001eb0c                __neqd
000203c1                __nop
0001b748                __printfi
0001f4f9                __rd_ok
000203b9                __register_lock
000203b1                __register_unlock
00020108                __remli
0001e6a2                __remlli
00020338                __remu
0001fc5c                __remul
0001e654                __remull
            00002000    __stack
0002038a                __subd
            00011af8    __sys_memory
            00002200    __sysstack
            0000bf9a    __tmpnams
            0000c242    __unlock
0001f479                __wrt_ok
000203dd                _abort
0001c774                _add_device
00020218                _appDiggain
0001ffc4                _atoi
00020070                _auto_init
0001f8df                _blkFirDecim2
            00008000    _buffer
000202c5                _c_int00
0001d723                _calloc
0001d71b                _chkheap
            000101f8    _cicOutFrame
            0000bf06    _cicState
0001c701                _close
            0000b250    _digGainOutCircBuf
            0001246a    _digGainOutFrame
            0000bf16    _dispatchTable
            0000bee4    _dmaConfig
            0000bf04    _dmaFrameCount
            0000bf20    _dmaIntCount
            0000bee0    _dmaLeftRxHandle
            0000bef2    _dmaObj0
            0000befb    _dmaObj1
            0000bee2    _dmaRightRxHandle
000201da                _exit
0001faf8                _fclose
0001f685                _fflush
0001c6f8                _find_registered_device
            000127dc    _fir1Coefs
            0000247a    _fir1DlyBuf
            00010bf8    _fir1OutFrame
            00012900    _fir2Coefs
            00002400    _fir2DlyBuf
            000121ea    _fir2OutFrame
0001e3bb                _fopen
0001f798                _fputc
0001ee79                _fputs
0001d294                _free
0001d6c5                _free_memory
0001e2f2                _freopen
            0000c229    _fsError
0001fef2                _fseek
0001ddd0                _getSysClk
0001c864                _getenv
            0000bed0    _hI2s
            0000c236    _hPll
            0000bed2    _hwConfig
            000110f8    _i2sDmaReadBufLeft
            000115f8    _i2sDmaReadBufRight
            00008050    _inCircBufLeft
            00009950    _inCircBufRight
0001c692                _lseek
0001fa00                _ltoa
0001f556                _main
0001d3c5                _malloc
0001d66b                _max_free
0002034d                _memccpy
0002019b                _memcpy
0001d360                _minit
0001c5d3                _open
            0000c22a    _ouError
            0000c238    _pConfigInfo
0001ecf6                _pickBitsCic
            0000bf05    _pingPongFlag
            0000c232    _pllCfg1
            000121c6    _pllCfg_100MHz
            000121ca    _pllCfg_120MHz
            000121ce    _pllCfg_16p384MHz
            000121d2    _pllCfg_32p768MHz
            000121d6    _pllCfg_40MHz
            000121da    _pllCfg_50MHz
            000121de    _pllCfg_60MHz
            000121e2    _pllCfg_75MHz
            0000c22c    _pllObj
0001efdc                _pll_sample
00020020                _printf
0001f798                _putc
0001f82f                _putchar
0001efae                _puts
0001c525                _read
0001fe1a                _readmsg
0001d4ba                _realloc
000203d3                _remove
0001c4ef                _remove_device
0001c496                _rename
0001f393                _setvbuf
0001c463                _unlink
0001c321                _write
0001f6de                _writemsg
ffffffff                binit
            000126cc    cinit
            00008000    edata
            0000c24b    end
000203ed                etext
ffffffff                pinit


GLOBAL SYMBOLS: SORTED BY Symbol Address 

abs. value/
byte addr   word addr   name
---------   ---------   ----
00000001                $TI_capability_requires_rev3
00000001                __TI_args_main
00000002                $TI_capability$C5500$CallingConvention
00000002                $TI_capability$C5500$MemoryModel
00000400                __STACK_SIZE
00000400                __SYSSTACK_SIZE
00000800                __SYSMEM_SIZE
            00002000    __stack
            00002200    __STACK_END
            00002200    __sysstack
            00002400    _fir2DlyBuf
            0000247a    _fir1DlyBuf
            00008000    .bss
            00008000    .data
            00008000    ___bss__
            00008000    ___data__
            00008000    ___edata__
            00008000    _buffer
            00008000    edata
            00008050    _inCircBufLeft
            00009950    _inCircBufRight
            0000b250    _digGainOutCircBuf
            0000bed0    _hI2s
            0000bed2    _hwConfig
            0000bee0    _dmaLeftRxHandle
            0000bee2    _dmaRightRxHandle
            0000bee4    _dmaConfig
            0000bef2    _dmaObj0
            0000befb    _dmaObj1
            0000bf04    _dmaFrameCount
            0000bf05    _pingPongFlag
            0000bf06    _cicState
            0000bf16    _dispatchTable
            0000bf1e    _LoopCount
            0000bf20    _dmaIntCount
            0000bf22    __ftable
            0000bf9a    __tmpnams
            0000c03a    __ft_end
            0000c229    _fsError
            0000c22a    _ouError
            0000c22c    _pllObj
            0000c232    _pllCfg1
            0000c236    _hPll
            0000c238    _pConfigInfo
            0000c240    __lock
            0000c242    __unlock
            0000c244    __cleanup_ptr
            0000c246    __dtors_ptr
            0000c248    _PG4_flag
            0000c249    _PG3_flag
            0000c24a    _PG1_flag
00018496                .text
00018496                _DMA_init
            0000c24b    ___end__
00018496                ___text__
            0000c24b    end
000184cd                _DMA_open
000185b9                _DMA_close
000185d8                _DMA_config
000196ac                _DMA_getConfig
00019dcb                _DMA_start
00019ed8                _DMA_stop
00019fd9                _DMA_reset
0001a2c5                _DMA_swapWords
0001a33a                _DMA_getLastTransferType
0001b748                __printfi
0001b98a                _I2S_open
0001ba89                _I2S_setup
0001bd70                _I2S_close
0001be1b                _I2S_read
0001c0d5                _I2S_write
0001c22b                _I2S_reset
0001c2d6                _I2S_transEnable
0001c321                _write
0001c463                _unlink
0001c496                _rename
0001c4ef                _remove_device
0001c525                _read
0001c5d3                _open
0001c692                _lseek
0001c6f8                _find_registered_device
0001c701                _close
0001c774                _add_device
0001c864                _getenv
0001c8df                _HOSTwrite
0001c96c                _HOSTunlink
0001c9d6                _HOSTtime
0001ca34                _HOSTrename
0001cae2                _HOSTread
0001cb6f                _HOSTopen
0001cc0e                _HOSTlseek
0001ccc3                _HOSTclose
0001cd2e                _HOSTclock
0001cd8c                _IRQ_init
0001ce14                _IRQ_clear
0001ce67                _IRQ_clearAll
0001ce77                _IRQ_config
0001cefc                _IRQ_getConfig
0001cf84                _IRQ_disable
0001d002                _IRQ_disableAll
0001d010                _IRQ_enable
0001d09a                _IRQ_restore
0001d10a                _IRQ_getArg
0001d14e                _IRQ_setArg
0001d17f                _IRQ_map
0001d1ab                _IRQ_setVecs
0001d1dc                _IRQ_test
0001d24e                _IRQ_globalDisable
0001d267                _IRQ_globalEnable
0001d280                _IRQ_globalRestore
0001d294                _free
0001d360                _minit
0001d3c5                _malloc
0001d4ba                _realloc
0001d66b                _max_free
0001d6c5                _free_memory
0001d71b                _chkheap
0001d723                _calloc
0001d749                __divd
0001db3f                _PLL_init
0001db77                _PLL_config
0001dcae                _PLL_enable
0001dd15                _PLL_bypass
0001dd64                _PLL_reset
0001ddd0                _getSysClk
0001de69                _I2sDmaInit
0001e298                __cleanup
0001e2f2                _freopen
0001e3bb                _fopen
0001e3f6                _SYS_peripheralReset
0001e484                _SYS_setEBSR
0001e62f                _SYS_set_DSP_LDO_voltage
0001e654                __remull
0001e6a2                __remlli
0001e6d1                __mpylli
0001e789                __divull
0001e87d                __divlli
0001e8b2                __addd
0001eb0c                __neqd
0001eb40                __lssd
0001eb88                __leqd
0001ebd5                __gtrd
0001ec20                __geqd
0001ec6a                __eqld
0001ec9e                __cmpd
0001ecf6                _pickBitsCic
0001ee79                _fputs
0001efae                _puts
0001efdc                _pll_sample
0001f128                __mpyd
0001f274                _UserAlgorithm
0001f393                _setvbuf
0001f479                __wrt_ok
0001f4f9                __rd_ok
0001f556                _main
0001f61c                __doflush
0001f685                _fflush
0001f6de                _writemsg
0001f793                C$$IO$$
0001f798                _fputc
0001f798                _putc
0001f82f                _putchar
0001f83e                __divul
0001f8df                _blkFirDecim2
0001f974                _IRQ_plug
0001fa00                _ltoa
0001faf8                _fclose
0001fb73                __frcmpyd
0001fbe9                __frcmpyd_div
0001fc5c                __remul
0001fcce                _ClockGatingAll
0001fd3e                __fixdli
0001fe1a                _readmsg
0001fe87                _DmaIsr
0001fef2                _fseek
0001ff5d                __fltlid
0001ffc4                _atoi
00020020                _printf
00020070                _auto_init
000200bd                __args_main
00020108                __remli
00020153                __divli
0002019b                _memcpy
000201da                _exit
00020218                _appDiggain
00020253                _DspLdoSwitch
0002028d                _UsbLdoSwitch
000202c5                _c_int00
000202f9                __fixdi
00020323                I$$UDIV
00020323                __divu
00020338                I$$UMOD
00020338                __remu
0002034d                _memccpy
00020370                ___isinf
0002038a                __subd
0002039e                I$$LMPY
0002039e                __mpyli
000203b1                __register_unlock
000203b9                __register_lock
000203c1                __nop
000203c3                __negd
000203d3                _remove
000203dd                _abort
000203de                C$$EXIT
000203e4                _UserIdle
000203ed                ___etext__
000203ed                etext
            000101f8    _cicOutFrame
            00010bf8    _fir1OutFrame
            000110f8    _i2sDmaReadBufLeft
            000115f8    _i2sDmaReadBufRight
            00011af8    __sys_memory
            0001208c    __ctypes_
            000121c6    _pllCfg_100MHz
            000121ca    _pllCfg_120MHz
            000121ce    _pllCfg_16p384MHz
            000121d2    _pllCfg_32p768MHz
            000121d6    _pllCfg_40MHz
            000121da    _pllCfg_50MHz
            000121de    _pllCfg_60MHz
            000121e2    _pllCfg_75MHz
            000121ea    _fir2OutFrame
            0001246a    _digGainOutFrame
            000125ac    __CIOBUF_
            000126cc    ___cinit__
            000126cc    cinit
            000127dc    _fir1Coefs
00025000                RST
00025000                _VECSTART
00025100                _Reset
            00012900    _fir2Coefs
ffffffff                ___binit__
ffffffff                ___c_args__
ffffffff                ___pinit__
ffffffff                binit
ffffffff                pinit

[237 symbols]
