<?xml version="1.0"?>
<link_info>
   <banner>TMS320C55x Linker PC v4.4.1</banner>
   <copyright>Copyright (c) 1996-2012 Texas Instruments Incorporated</copyright>
   <link_time>0x57a1fda5</link_time>
   <output_file>target_test.out</output_file>
   <entry_point>
      <name>_c_int00</name>
      <address>0x202c5</address>
   </entry_point>
   <input_file_list>
      <input_file id="fl-2">
         <path>.\</path>
         <kind>object</kind>
         <file>BlkFirDecim_f2.obj</file>
         <name>BlkFirDecim_f2.obj</name>
      </input_file>
      <input_file id="fl-3">
         <path>.\</path>
         <kind>object</kind>
         <file>IdleLoop.obj</file>
         <name>IdleLoop.obj</name>
      </input_file>
      <input_file id="fl-4">
         <path>.\</path>
         <kind>object</kind>
         <file>diggain_f1.obj</file>
         <name>diggain_f1.obj</name>
      </input_file>
      <input_file id="fl-5">
         <path>.\</path>
         <kind>object</kind>
         <file>pick_bits_cic_f2.obj</file>
         <name>pick_bits_cic_f2.obj</name>
      </input_file>
      <input_file id="fl-6">
         <path>.\</path>
         <kind>object</kind>
         <file>pll_control.obj</file>
         <name>pll_control.obj</name>
      </input_file>
      <input_file id="fl-d">
         <path>C:\ti\ccs613\ccsv6\tools\compiler\c5500_4.4.1\lib\</path>
         <kind>archive</kind>
         <file>rts55x.lib</file>
         <name>boot.obj</name>
      </input_file>
      <input_file id="fl-e">
         <path>C:\ti\ccs613\ccsv6\tools\compiler\c5500_4.4.1\lib\</path>
         <kind>archive</kind>
         <file>rts55x.lib</file>
         <name>exit.obj</name>
      </input_file>
      <input_file id="fl-f">
         <path>C:\ti\ccs613\ccsv6\tools\compiler\c5500_4.4.1\lib\</path>
         <kind>archive</kind>
         <file>rts55x.lib</file>
         <name>printf.obj</name>
      </input_file>
      <input_file id="fl-10">
         <path>C:\ti\ccs613\ccsv6\tools\compiler\c5500_4.4.1\lib\</path>
         <kind>archive</kind>
         <file>rts55x.lib</file>
         <name>remli.obj</name>
      </input_file>
      <input_file id="fl-11">
         <path>C:\ti\ccs613\ccsv6\tools\compiler\c5500_4.4.1\lib\</path>
         <kind>archive</kind>
         <file>rts55x.lib</file>
         <name>remul.obj</name>
      </input_file>
      <input_file id="fl-12">
         <path>C:\ti\ccs613\ccsv6\tools\compiler\c5500_4.4.1\lib\</path>
         <kind>archive</kind>
         <file>rts55x.lib</file>
         <name>vectors.obj</name>
      </input_file>
      <input_file id="fl-13">
         <path>C:\ti\ccs613\ccsv6\tools\compiler\c5500_4.4.1\lib\</path>
         <kind>archive</kind>
         <file>rts55x.lib</file>
         <name>_lock.obj</name>
      </input_file>
      <input_file id="fl-14">
         <path>C:\ti\ccs613\ccsv6\tools\compiler\c5500_4.4.1\lib\</path>
         <kind>archive</kind>
         <file>rts55x.lib</file>
         <name>_printfi.obj</name>
      </input_file>
      <input_file id="fl-15">
         <path>C:\ti\ccs613\ccsv6\tools\compiler\c5500_4.4.1\lib\</path>
         <kind>archive</kind>
         <file>rts55x.lib</file>
         <name>args_main.obj</name>
      </input_file>
      <input_file id="fl-16">
         <path>C:\ti\ccs613\ccsv6\tools\compiler\c5500_4.4.1\lib\</path>
         <kind>archive</kind>
         <file>rts55x.lib</file>
         <name>atoi.obj</name>
      </input_file>
      <input_file id="fl-17">
         <path>C:\ti\ccs613\ccsv6\tools\compiler\c5500_4.4.1\lib\</path>
         <kind>archive</kind>
         <file>rts55x.lib</file>
         <name>autoinit.obj</name>
      </input_file>
      <input_file id="fl-18">
         <path>C:\ti\ccs613\ccsv6\tools\compiler\c5500_4.4.1\lib\</path>
         <kind>archive</kind>
         <file>rts55x.lib</file>
         <name>cmpd.obj</name>
      </input_file>
      <input_file id="fl-19">
         <path>C:\ti\ccs613\ccsv6\tools\compiler\c5500_4.4.1\lib\</path>
         <kind>archive</kind>
         <file>rts55x.lib</file>
         <name>ctype.obj</name>
      </input_file>
      <input_file id="fl-1a">
         <path>C:\ti\ccs613\ccsv6\tools\compiler\c5500_4.4.1\lib\</path>
         <kind>archive</kind>
         <file>rts55x.lib</file>
         <name>defs.obj</name>
      </input_file>
      <input_file id="fl-1b">
         <path>C:\ti\ccs613\ccsv6\tools\compiler\c5500_4.4.1\lib\</path>
         <kind>archive</kind>
         <file>rts55x.lib</file>
         <name>divd.obj</name>
      </input_file>
      <input_file id="fl-1c">
         <path>C:\ti\ccs613\ccsv6\tools\compiler\c5500_4.4.1\lib\</path>
         <kind>archive</kind>
         <file>rts55x.lib</file>
         <name>divul.obj</name>
      </input_file>
      <input_file id="fl-1d">
         <path>C:\ti\ccs613\ccsv6\tools\compiler\c5500_4.4.1\lib\</path>
         <kind>archive</kind>
         <file>rts55x.lib</file>
         <name>fixdi.obj</name>
      </input_file>
      <input_file id="fl-1e">
         <path>C:\ti\ccs613\ccsv6\tools\compiler\c5500_4.4.1\lib\</path>
         <kind>archive</kind>
         <file>rts55x.lib</file>
         <name>fixdli.obj</name>
      </input_file>
      <input_file id="fl-1f">
         <path>C:\ti\ccs613\ccsv6\tools\compiler\c5500_4.4.1\lib\</path>
         <kind>archive</kind>
         <file>rts55x.lib</file>
         <name>fltlid.obj</name>
      </input_file>
      <input_file id="fl-20">
         <path>C:\ti\ccs613\ccsv6\tools\compiler\c5500_4.4.1\lib\</path>
         <kind>archive</kind>
         <file>rts55x.lib</file>
         <name>fputc.obj</name>
      </input_file>
      <input_file id="fl-21">
         <path>C:\ti\ccs613\ccsv6\tools\compiler\c5500_4.4.1\lib\</path>
         <kind>archive</kind>
         <file>rts55x.lib</file>
         <name>fputs.obj</name>
      </input_file>
      <input_file id="fl-22">
         <path>C:\ti\ccs613\ccsv6\tools\compiler\c5500_4.4.1\lib\</path>
         <kind>archive</kind>
         <file>rts55x.lib</file>
         <name>frcmpyd_div.obj</name>
      </input_file>
      <input_file id="fl-23">
         <path>C:\ti\ccs613\ccsv6\tools\compiler\c5500_4.4.1\lib\</path>
         <kind>archive</kind>
         <file>rts55x.lib</file>
         <name>isinf.obj</name>
      </input_file>
      <input_file id="fl-24">
         <path>C:\ti\ccs613\ccsv6\tools\compiler\c5500_4.4.1\lib\</path>
         <kind>archive</kind>
         <file>rts55x.lib</file>
         <name>llmpy.obj</name>
      </input_file>
      <input_file id="fl-25">
         <path>C:\ti\ccs613\ccsv6\tools\compiler\c5500_4.4.1\lib\</path>
         <kind>archive</kind>
         <file>rts55x.lib</file>
         <name>lmpy.obj</name>
      </input_file>
      <input_file id="fl-26">
         <path>C:\ti\ccs613\ccsv6\tools\compiler\c5500_4.4.1\lib\</path>
         <kind>archive</kind>
         <file>rts55x.lib</file>
         <name>lowlev.obj</name>
      </input_file>
      <input_file id="fl-27">
         <path>C:\ti\ccs613\ccsv6\tools\compiler\c5500_4.4.1\lib\</path>
         <kind>archive</kind>
         <file>rts55x.lib</file>
         <name>ltoa.obj</name>
      </input_file>
      <input_file id="fl-28">
         <path>C:\ti\ccs613\ccsv6\tools\compiler\c5500_4.4.1\lib\</path>
         <kind>archive</kind>
         <file>rts55x.lib</file>
         <name>memccpy.obj</name>
      </input_file>
      <input_file id="fl-29">
         <path>C:\ti\ccs613\ccsv6\tools\compiler\c5500_4.4.1\lib\</path>
         <kind>archive</kind>
         <file>rts55x.lib</file>
         <name>memcpy.obj</name>
      </input_file>
      <input_file id="fl-2a">
         <path>C:\ti\ccs613\ccsv6\tools\compiler\c5500_4.4.1\lib\</path>
         <kind>archive</kind>
         <file>rts55x.lib</file>
         <name>mpyd.obj</name>
      </input_file>
      <input_file id="fl-2b">
         <path>C:\ti\ccs613\ccsv6\tools\compiler\c5500_4.4.1\lib\</path>
         <kind>archive</kind>
         <file>rts55x.lib</file>
         <name>negd.obj</name>
      </input_file>
      <input_file id="fl-2c">
         <path>C:\ti\ccs613\ccsv6\tools\compiler\c5500_4.4.1\lib\</path>
         <kind>archive</kind>
         <file>rts55x.lib</file>
         <name>subd.obj</name>
      </input_file>
      <input_file id="fl-2d">
         <path>C:\ti\ccs613\ccsv6\tools\compiler\c5500_4.4.1\lib\</path>
         <kind>archive</kind>
         <file>rts55x.lib</file>
         <name>trgdrv.obj</name>
      </input_file>
      <input_file id="fl-2e">
         <path>C:\ti\ccs613\ccsv6\tools\compiler\c5500_4.4.1\lib\</path>
         <kind>archive</kind>
         <file>rts55x.lib</file>
         <name>trgmsg.obj</name>
      </input_file>
      <input_file id="fl-2f">
         <path>C:\ti\ccs613\ccsv6\tools\compiler\c5500_4.4.1\lib\</path>
         <kind>archive</kind>
         <file>rts55x.lib</file>
         <name>udiv.obj</name>
      </input_file>
      <input_file id="fl-30">
         <path>C:\ti\ccs613\ccsv6\tools\compiler\c5500_4.4.1\lib\</path>
         <kind>archive</kind>
         <file>rts55x.lib</file>
         <name>_io_perm.obj</name>
      </input_file>
      <input_file id="fl-31">
         <path>C:\ti\ccs613\ccsv6\tools\compiler\c5500_4.4.1\lib\</path>
         <kind>archive</kind>
         <file>rts55x.lib</file>
         <name>addd.obj</name>
      </input_file>
      <input_file id="fl-32">
         <path>C:\ti\ccs613\ccsv6\tools\compiler\c5500_4.4.1\lib\</path>
         <kind>archive</kind>
         <file>rts55x.lib</file>
         <name>divli.obj</name>
      </input_file>
      <input_file id="fl-33">
         <path>C:\ti\ccs613\ccsv6\tools\compiler\c5500_4.4.1\lib\</path>
         <kind>archive</kind>
         <file>rts55x.lib</file>
         <name>fflush.obj</name>
      </input_file>
      <input_file id="fl-34">
         <path>C:\ti\ccs613\ccsv6\tools\compiler\c5500_4.4.1\lib\</path>
         <kind>archive</kind>
         <file>rts55x.lib</file>
         <name>frcmpyd.obj</name>
      </input_file>
      <input_file id="fl-35">
         <path>C:\ti\ccs613\ccsv6\tools\compiler\c5500_4.4.1\lib\</path>
         <kind>archive</kind>
         <file>rts55x.lib</file>
         <name>fseek.obj</name>
      </input_file>
      <input_file id="fl-36">
         <path>C:\ti\ccs613\ccsv6\tools\compiler\c5500_4.4.1\lib\</path>
         <kind>archive</kind>
         <file>rts55x.lib</file>
         <name>setvbuf.obj</name>
      </input_file>
      <input_file id="fl-37">
         <path>C:\ti\ccs613\ccsv6\tools\compiler\c5500_4.4.1\lib\</path>
         <kind>archive</kind>
         <file>rts55x.lib</file>
         <name>fopen.obj</name>
      </input_file>
      <input_file id="fl-38">
         <path>C:\ti\ccs613\ccsv6\tools\compiler\c5500_4.4.1\lib\</path>
         <kind>archive</kind>
         <file>rts55x.lib</file>
         <name>memory.obj</name>
      </input_file>
      <input_file id="fl-39">
         <path>C:\ti\ccs613\ccsv6\tools\compiler\c5500_4.4.1\lib\</path>
         <kind>archive</kind>
         <file>rts55x.lib</file>
         <name>fclose.obj</name>
      </input_file>
      <input_file id="fl-3a">
         <path>C:\ti\ccs613\ccsv6\tools\compiler\c5500_4.4.1\lib\</path>
         <kind>archive</kind>
         <file>rts55x.lib</file>
         <name>remove.obj</name>
      </input_file>
      <input_file id="fl-3b">
         <path>C:\ti\c55_lp\c55_csl_3.06\ccs_v6.x_examples\C55XXCSL_LP\Debug\</path>
         <kind>archive</kind>
         <file>C55XXCSL_LP.lib</file>
         <name>csl_dma.obj</name>
      </input_file>
      <input_file id="fl-3c">
         <path>C:\ti\c55_lp\c55_csl_3.06\ccs_v6.x_examples\C55XXCSL_LP\Debug\</path>
         <kind>archive</kind>
         <file>C55XXCSL_LP.lib</file>
         <name>csl_i2s.obj</name>
      </input_file>
      <input_file id="fl-3d">
         <path>C:\ti\c55_lp\c55_csl_3.06\ccs_v6.x_examples\C55XXCSL_LP\Debug\</path>
         <kind>archive</kind>
         <file>C55XXCSL_LP.lib</file>
         <name>csl_intc.obj</name>
      </input_file>
      <input_file id="fl-3e">
         <path>C:\ti\c55_lp\c55_csl_3.06\ccs_v6.x_examples\C55XXCSL_LP\Debug\</path>
         <kind>archive</kind>
         <file>C55XXCSL_LP.lib</file>
         <name>csl_irqplug.obj</name>
      </input_file>
      <input_file id="fl-3f">
         <path>C:\ti\c55_lp\c55_csl_3.06\ccs_v6.x_examples\C55XXCSL_LP\Debug\</path>
         <kind>archive</kind>
         <file>C55XXCSL_LP.lib</file>
         <name>csl_pll.obj</name>
      </input_file>
      <input_file id="fl-40">
         <path>C:\ti\c55_lp\c55_csl_3.06\ccs_v6.x_examples\C55XXCSL_LP\Debug\</path>
         <kind>archive</kind>
         <file>C55XXCSL_LP.lib</file>
         <name>csl_sysctrl.obj</name>
      </input_file>
      <input_file id="fl-41">
         <path>C:\ti\c55_lp\c55_csl_3.06\ccs_v6.x_examples\C55XXCSL_LP\Debug\</path>
         <kind>archive</kind>
         <file>C55XXCSL_LP.lib</file>
         <name>vectors.obj</name>
      </input_file>
   </input_file_list>
   <object_component_list>
      <object_component id="oc-57">
         <name>vectors</name>
         <load_address>0x25100</load_address>
         <run_address>0x25100</run_address>
         <size>0x100</size>
         <input_file_ref idref="fl-12"/>
      </object_component>
      <object_component id="oc-12b">
         <name>vectors</name>
         <load_address>0x25000</load_address>
         <run_address>0x25000</run_address>
         <size>0x100</size>
         <input_file_ref idref="fl-41"/>
      </object_component>
      <object_component id="oc-109">
         <name>.text</name>
         <load_address>0x18496</load_address>
         <run_address>0x18496</run_address>
         <size>0x1f50</size>
         <input_file_ref idref="fl-3b"/>
      </object_component>
      <object_component id="oc-61">
         <name>.text</name>
         <load_address>0x1a3e6</load_address>
         <run_address>0x1a3e6</run_address>
         <size>0x15a4</size>
         <input_file_ref idref="fl-14"/>
      </object_component>
      <object_component id="oc-10e">
         <name>.text</name>
         <load_address>0x1b98a</load_address>
         <run_address>0x1b98a</run_address>
         <size>0x997</size>
         <input_file_ref idref="fl-3c"/>
      </object_component>
      <object_component id="oc-ab">
         <name>.text</name>
         <load_address>0x1c321</load_address>
         <run_address>0x1c321</run_address>
         <size>0x543</size>
         <input_file_ref idref="fl-26"/>
      </object_component>
      <object_component id="oc-c9">
         <name>.text</name>
         <load_address>0x1c864</load_address>
         <run_address>0x1c864</run_address>
         <size>0x528</size>
         <input_file_ref idref="fl-2d"/>
      </object_component>
      <object_component id="oc-115">
         <name>.text</name>
         <load_address>0x1cd8c</load_address>
         <run_address>0x1cd8c</run_address>
         <size>0x508</size>
         <input_file_ref idref="fl-3d"/>
      </object_component>
      <object_component id="oc-fa">
         <name>.text</name>
         <load_address>0x1d294</load_address>
         <run_address>0x1d294</run_address>
         <size>0x4b5</size>
         <input_file_ref idref="fl-38"/>
      </object_component>
      <object_component id="oc-7d">
         <name>.text</name>
         <load_address>0x1d749</load_address>
         <run_address>0x1d749</run_address>
         <size>0x3cc</size>
         <input_file_ref idref="fl-1b"/>
      </object_component>
      <object_component id="oc-11f">
         <name>.text</name>
         <load_address>0x1db15</load_address>
         <run_address>0x1db15</run_address>
         <size>0x354</size>
         <input_file_ref idref="fl-3f"/>
      </object_component>
      <object_component id="oc-13b">
         <name>.text:_I2sDmaInit</name>
         <load_address>0x1de69</load_address>
         <run_address>0x1de69</run_address>
         <size>0x30e</size>
         <input_file_ref idref="fl-3"/>
      </object_component>
      <object_component id="oc-f4">
         <name>.text</name>
         <load_address>0x1e177</load_address>
         <run_address>0x1e177</run_address>
         <size>0x27f</size>
         <input_file_ref idref="fl-37"/>
      </object_component>
      <object_component id="oc-124">
         <name>.text</name>
         <load_address>0x1e3f6</load_address>
         <run_address>0x1e3f6</run_address>
         <size>0x25e</size>
         <input_file_ref idref="fl-40"/>
      </object_component>
      <object_component id="oc-a3">
         <name>.text</name>
         <load_address>0x1e654</load_address>
         <run_address>0x1e654</run_address>
         <size>0x25e</size>
         <input_file_ref idref="fl-24"/>
      </object_component>
      <object_component id="oc-dc">
         <name>.text</name>
         <load_address>0x1e8b2</load_address>
         <run_address>0x1e8b2</run_address>
         <size>0x25a</size>
         <input_file_ref idref="fl-31"/>
      </object_component>
      <object_component id="oc-73">
         <name>.text</name>
         <load_address>0x1eb0c</load_address>
         <run_address>0x1eb0c</run_address>
         <size>0x1ea</size>
         <input_file_ref idref="fl-18"/>
      </object_component>
      <object_component id="oc-36">
         <name>.text</name>
         <load_address>0x1ecf6</load_address>
         <run_address>0x1ecf6</run_address>
         <size>0x183</size>
         <input_file_ref idref="fl-5"/>
      </object_component>
      <object_component id="oc-96">
         <name>.text</name>
         <load_address>0x1ee79</load_address>
         <run_address>0x1ee79</run_address>
         <size>0x163</size>
         <input_file_ref idref="fl-21"/>
      </object_component>
      <object_component id="oc-139">
         <name>.text:_pll_sample</name>
         <load_address>0x1efdc</load_address>
         <run_address>0x1efdc</run_address>
         <size>0x14c</size>
         <input_file_ref idref="fl-6"/>
      </object_component>
      <object_component id="oc-bd">
         <name>.text</name>
         <load_address>0x1f128</load_address>
         <run_address>0x1f128</run_address>
         <size>0x14c</size>
         <input_file_ref idref="fl-2a"/>
      </object_component>
      <object_component id="oc-13c">
         <name>.text:_UserAlgorithm</name>
         <load_address>0x1f274</load_address>
         <run_address>0x1f274</run_address>
         <size>0x11f</size>
         <input_file_ref idref="fl-3"/>
      </object_component>
      <object_component id="oc-f0">
         <name>.text</name>
         <load_address>0x1f393</load_address>
         <run_address>0x1f393</run_address>
         <size>0xe6</size>
         <input_file_ref idref="fl-36"/>
      </object_component>
      <object_component id="oc-d8">
         <name>.text</name>
         <load_address>0x1f479</load_address>
         <run_address>0x1f479</run_address>
         <size>0xdd</size>
         <input_file_ref idref="fl-30"/>
      </object_component>
      <object_component id="oc-130">
         <name>.text:_main</name>
         <load_address>0x1f556</load_address>
         <run_address>0x1f556</run_address>
         <size>0xc6</size>
         <input_file_ref idref="fl-3"/>
      </object_component>
      <object_component id="oc-e4">
         <name>.text</name>
         <load_address>0x1f61c</load_address>
         <run_address>0x1f61c</run_address>
         <size>0xc2</size>
         <input_file_ref idref="fl-33"/>
      </object_component>
      <object_component id="oc-d1">
         <name>.text:CIO_breakpoint</name>
         <load_address>0x1f6de</load_address>
         <run_address>0x1f6de</run_address>
         <size>0xba</size>
         <input_file_ref idref="fl-2e"/>
      </object_component>
      <object_component id="oc-92">
         <name>.text</name>
         <load_address>0x1f798</load_address>
         <run_address>0x1f798</run_address>
         <size>0xa6</size>
         <input_file_ref idref="fl-20"/>
      </object_component>
      <object_component id="oc-81">
         <name>.text</name>
         <load_address>0x1f83e</load_address>
         <run_address>0x1f83e</run_address>
         <size>0xa1</size>
         <input_file_ref idref="fl-1c"/>
      </object_component>
      <object_component id="oc-1c">
         <name>.text</name>
         <load_address>0x1f8df</load_address>
         <run_address>0x1f8df</run_address>
         <size>0x95</size>
         <input_file_ref idref="fl-2"/>
      </object_component>
      <object_component id="oc-11b">
         <name>.text</name>
         <load_address>0x1f974</load_address>
         <run_address>0x1f974</run_address>
         <size>0x8c</size>
         <input_file_ref idref="fl-3e"/>
      </object_component>
      <object_component id="oc-b1">
         <name>.text</name>
         <load_address>0x1fa00</load_address>
         <run_address>0x1fa00</run_address>
         <size>0x7d</size>
         <input_file_ref idref="fl-27"/>
      </object_component>
      <object_component id="oc-147">
         <name>.text:_PLL_getConfig</name>
         <load_address>0x1fa7d</load_address>
         <run_address>0x1fa7d</run_address>
         <size>0x7b</size>
         <input_file_ref idref="fl-6"/>
      </object_component>
      <object_component id="oc-101">
         <name>.text</name>
         <load_address>0x1faf8</load_address>
         <run_address>0x1faf8</run_address>
         <size>0x7b</size>
         <input_file_ref idref="fl-39"/>
      </object_component>
      <object_component id="oc-e8">
         <name>.text</name>
         <load_address>0x1fb73</load_address>
         <run_address>0x1fb73</run_address>
         <size>0x76</size>
         <input_file_ref idref="fl-34"/>
      </object_component>
      <object_component id="oc-9b">
         <name>.text</name>
         <load_address>0x1fbe9</load_address>
         <run_address>0x1fbe9</run_address>
         <size>0x73</size>
         <input_file_ref idref="fl-22"/>
      </object_component>
      <object_component id="oc-52">
         <name>.text</name>
         <load_address>0x1fc5c</load_address>
         <run_address>0x1fc5c</run_address>
         <size>0x72</size>
         <input_file_ref idref="fl-11"/>
      </object_component>
      <object_component id="oc-137">
         <name>.text:_ClockGatingAll</name>
         <load_address>0x1fcce</load_address>
         <run_address>0x1fcce</run_address>
         <size>0x70</size>
         <input_file_ref idref="fl-3"/>
      </object_component>
      <object_component id="oc-89">
         <name>.text</name>
         <load_address>0x1fd3e</load_address>
         <run_address>0x1fd3e</run_address>
         <size>0x6f</size>
         <input_file_ref idref="fl-1e"/>
      </object_component>
      <object_component id="oc-12a">
         <name>.text</name>
         <load_address>0x1fdad</load_address>
         <run_address>0x1fdad</run_address>
         <size>0x6d</size>
         <input_file_ref idref="fl-41"/>
      </object_component>
      <object_component id="oc-ce">
         <name>.text</name>
         <load_address>0x1fe1a</load_address>
         <run_address>0x1fe1a</run_address>
         <size>0x6d</size>
         <input_file_ref idref="fl-2e"/>
      </object_component>
      <object_component id="oc-2d">
         <name>.text:_DmaIsr</name>
         <load_address>0x1fe87</load_address>
         <run_address>0x1fe87</run_address>
         <size>0x6b</size>
         <input_file_ref idref="fl-3"/>
      </object_component>
      <object_component id="oc-ec">
         <name>.text</name>
         <load_address>0x1fef2</load_address>
         <run_address>0x1fef2</run_address>
         <size>0x6b</size>
         <input_file_ref idref="fl-35"/>
      </object_component>
      <object_component id="oc-8d">
         <name>.text</name>
         <load_address>0x1ff5d</load_address>
         <run_address>0x1ff5d</run_address>
         <size>0x67</size>
         <input_file_ref idref="fl-1f"/>
      </object_component>
      <object_component id="oc-6b">
         <name>.text</name>
         <load_address>0x1ffc4</load_address>
         <run_address>0x1ffc4</run_address>
         <size>0x5c</size>
         <input_file_ref idref="fl-16"/>
      </object_component>
      <object_component id="oc-4a">
         <name>.text</name>
         <load_address>0x20020</load_address>
         <run_address>0x20020</run_address>
         <size>0x50</size>
         <input_file_ref idref="fl-f"/>
      </object_component>
      <object_component id="oc-6f">
         <name>.text</name>
         <load_address>0x20070</load_address>
         <run_address>0x20070</run_address>
         <size>0x4d</size>
         <input_file_ref idref="fl-17"/>
      </object_component>
      <object_component id="oc-67">
         <name>.text</name>
         <load_address>0x200bd</load_address>
         <run_address>0x200bd</run_address>
         <size>0x4b</size>
         <input_file_ref idref="fl-15"/>
      </object_component>
      <object_component id="oc-4e">
         <name>.text</name>
         <load_address>0x20108</load_address>
         <run_address>0x20108</run_address>
         <size>0x4b</size>
         <input_file_ref idref="fl-10"/>
      </object_component>
      <object_component id="oc-e0">
         <name>.text</name>
         <load_address>0x20153</load_address>
         <run_address>0x20153</run_address>
         <size>0x48</size>
         <input_file_ref idref="fl-32"/>
      </object_component>
      <object_component id="oc-b9">
         <name>.text</name>
         <load_address>0x2019b</load_address>
         <run_address>0x2019b</run_address>
         <size>0x3f</size>
         <input_file_ref idref="fl-29"/>
      </object_component>
      <object_component id="oc-43">
         <name>.text</name>
         <load_address>0x201da</load_address>
         <run_address>0x201da</run_address>
         <size>0x3e</size>
         <input_file_ref idref="fl-e"/>
      </object_component>
      <object_component id="oc-32">
         <name>.text</name>
         <load_address>0x20218</load_address>
         <run_address>0x20218</run_address>
         <size>0x3b</size>
         <input_file_ref idref="fl-4"/>
      </object_component>
      <object_component id="oc-138">
         <name>.text:_DspLdoSwitch</name>
         <load_address>0x20253</load_address>
         <run_address>0x20253</run_address>
         <size>0x3a</size>
         <input_file_ref idref="fl-3"/>
      </object_component>
      <object_component id="oc-13a">
         <name>.text:_UsbLdoSwitch</name>
         <load_address>0x2028d</load_address>
         <run_address>0x2028d</run_address>
         <size>0x38</size>
         <input_file_ref idref="fl-3"/>
      </object_component>
      <object_component id="oc-1b">
         <name>.text</name>
         <load_address>0x202c5</load_address>
         <run_address>0x202c5</run_address>
         <size>0x34</size>
         <input_file_ref idref="fl-d"/>
      </object_component>
      <object_component id="oc-85">
         <name>.text</name>
         <load_address>0x202f9</load_address>
         <run_address>0x202f9</run_address>
         <size>0x2a</size>
         <input_file_ref idref="fl-1d"/>
      </object_component>
      <object_component id="oc-d4">
         <name>.text</name>
         <load_address>0x20323</load_address>
         <run_address>0x20323</run_address>
         <size>0x2a</size>
         <input_file_ref idref="fl-2f"/>
      </object_component>
      <object_component id="oc-b5">
         <name>.text</name>
         <load_address>0x2034d</load_address>
         <run_address>0x2034d</run_address>
         <size>0x23</size>
         <input_file_ref idref="fl-28"/>
      </object_component>
      <object_component id="oc-9f">
         <name>.text</name>
         <load_address>0x20370</load_address>
         <run_address>0x20370</run_address>
         <size>0x1a</size>
         <input_file_ref idref="fl-23"/>
      </object_component>
      <object_component id="oc-c5">
         <name>.text</name>
         <load_address>0x2038a</load_address>
         <run_address>0x2038a</run_address>
         <size>0x14</size>
         <input_file_ref idref="fl-2c"/>
      </object_component>
      <object_component id="oc-a7">
         <name>.text</name>
         <load_address>0x2039e</load_address>
         <run_address>0x2039e</run_address>
         <size>0x13</size>
         <input_file_ref idref="fl-25"/>
      </object_component>
      <object_component id="oc-5b">
         <name>.text</name>
         <load_address>0x203b1</load_address>
         <run_address>0x203b1</run_address>
         <size>0x12</size>
         <input_file_ref idref="fl-13"/>
      </object_component>
      <object_component id="oc-c1">
         <name>.text</name>
         <load_address>0x203c3</load_address>
         <run_address>0x203c3</run_address>
         <size>0x10</size>
         <input_file_ref idref="fl-2b"/>
      </object_component>
      <object_component id="oc-105">
         <name>.text</name>
         <load_address>0x203d3</load_address>
         <run_address>0x203d3</run_address>
         <size>0xa</size>
         <input_file_ref idref="fl-3a"/>
      </object_component>
      <object_component id="oc-47">
         <name>.text:CIO_breakpoint</name>
         <load_address>0x203dd</load_address>
         <run_address>0x203dd</run_address>
         <size>0x7</size>
         <input_file_ref idref="fl-e"/>
      </object_component>
      <object_component id="oc-13d">
         <name>.text:_UserIdle</name>
         <load_address>0x203e4</load_address>
         <run_address>0x203e4</run_address>
         <size>0x6</size>
         <input_file_ref idref="fl-3"/>
      </object_component>
      <object_component id="oc-56">
         <name>.text</name>
         <load_address>0x203ea</load_address>
         <run_address>0x203ea</run_address>
         <size>0x2</size>
         <input_file_ref idref="fl-12"/>
      </object_component>
      <object_component id="oc-133">
         <name>.switch:_DMA_config</name>
         <load_address>0x24eb4</load_address>
         <run_address>0x24eb4</run_address>
         <size>0x40</size>
         <input_file_ref idref="fl-3b"/>
      </object_component>
      <object_component id="oc-134">
         <name>.switch:_DMA_getConfig</name>
         <load_address>0x24ef4</load_address>
         <run_address>0x24ef4</run_address>
         <size>0x40</size>
         <input_file_ref idref="fl-3b"/>
      </object_component>
      <object_component id="oc-135">
         <name>.switch:_DMA_reset</name>
         <load_address>0x24f34</load_address>
         <run_address>0x24f34</run_address>
         <size>0x40</size>
         <input_file_ref idref="fl-3b"/>
      </object_component>
      <object_component id="oc-136">
         <name>.switch:_SYS_setEBSR</name>
         <load_address>0x24f74</load_address>
         <run_address>0x24f74</run_address>
         <size>0x24</size>
         <input_file_ref idref="fl-40"/>
      </object_component>
      <object_component id="oc-146">
         <name>.switch:_pll_sample</name>
         <load_address>0x24f98</load_address>
         <run_address>0x24f98</run_address>
         <size>0x20</size>
         <input_file_ref idref="fl-6"/>
      </object_component>
      <object_component id="oc-ae">
         <name>.cinit</name>
         <load_address>0x24d98</load_address>
         <run_address>0x24d98</run_address>
         <size>0x5a</size>
         <input_file_ref idref="fl-26"/>
      </object_component>
      <object_component id="oc-7b">
         <name>.cinit</name>
         <load_address>0x24df2</load_address>
         <run_address>0x24df2</run_address>
         <size>0x54</size>
         <input_file_ref idref="fl-1a"/>
      </object_component>
      <object_component id="oc-22">
         <name>.cinit</name>
         <load_address>0x24e46</load_address>
         <run_address>0x24e46</run_address>
         <size>0x24</size>
         <input_file_ref idref="fl-3"/>
      </object_component>
      <object_component id="oc-5e">
         <name>.cinit</name>
         <load_address>0x24e6a</load_address>
         <run_address>0x24e6a</run_address>
         <size>0x14</size>
         <input_file_ref idref="fl-13"/>
      </object_component>
      <object_component id="oc-46">
         <name>.cinit</name>
         <load_address>0x24e7e</load_address>
         <run_address>0x24e7e</run_address>
         <size>0x14</size>
         <input_file_ref idref="fl-e"/>
      </object_component>
      <object_component id="oc-111">
         <name>.cinit</name>
         <load_address>0x24e92</load_address>
         <run_address>0x24e92</run_address>
         <size>0x10</size>
         <input_file_ref idref="fl-3c"/>
      </object_component>
      <object_component id="oc-f7">
         <name>.cinit</name>
         <load_address>0x24ea2</load_address>
         <run_address>0x24ea2</run_address>
         <size>0x8</size>
         <input_file_ref idref="fl-37"/>
      </object_component>
      <object_component id="oc-fd">
         <name>.cinit</name>
         <load_address>0x24eaa</load_address>
         <run_address>0x24eaa</run_address>
         <size>0x8</size>
         <input_file_ref idref="fl-38"/>
      </object_component>
      <object_component id="oc-20">
         <name>.bss</name>
         <uninitialized>true</uninitialized>
         <run_address>0x10000</run_address>
         <size>0x7e44</size>
         <input_file_ref idref="fl-3"/>
      </object_component>
      <object_component id="oc-3a">
         <name>.bss</name>
         <uninitialized>true</uninitialized>
         <run_address>0x18458</run_address>
         <size>0x1c</size>
         <input_file_ref idref="fl-6"/>
      </object_component>
      <object_component id="oc-44">
         <name>.bss</name>
         <uninitialized>true</uninitialized>
         <run_address>0x18488</run_address>
         <size>0x8</size>
         <input_file_ref idref="fl-e"/>
      </object_component>
      <object_component id="oc-5c">
         <name>.bss</name>
         <uninitialized>true</uninitialized>
         <run_address>0x18480</run_address>
         <size>0x8</size>
         <input_file_ref idref="fl-13"/>
      </object_component>
      <object_component id="oc-79">
         <name>.bss</name>
         <uninitialized>true</uninitialized>
         <run_address>0x17e44</run_address>
         <size>0x232</size>
         <input_file_ref idref="fl-1a"/>
      </object_component>
      <object_component id="oc-ac">
         <name>.bss</name>
         <uninitialized>true</uninitialized>
         <run_address>0x18320</run_address>
         <size>0xe2</size>
         <input_file_ref idref="fl-26"/>
      </object_component>
      <object_component id="oc-ca">
         <name>.bss</name>
         <uninitialized>true</uninitialized>
         <run_address>0x18076</run_address>
         <size>0x1a0</size>
         <input_file_ref idref="fl-2d"/>
      </object_component>
      <object_component id="oc-f5">
         <name>.bss</name>
         <uninitialized>true</uninitialized>
         <run_address>0x18216</run_address>
         <size>0x2</size>
         <input_file_ref idref="fl-37"/>
      </object_component>
      <object_component id="oc-fb">
         <name>.bss</name>
         <uninitialized>true</uninitialized>
         <run_address>0x18474</run_address>
         <size>0xc</size>
         <input_file_ref idref="fl-38"/>
      </object_component>
      <object_component id="oc-10f">
         <name>.bss</name>
         <uninitialized>true</uninitialized>
         <run_address>0x18402</run_address>
         <size>0x54</size>
         <input_file_ref idref="fl-3c"/>
      </object_component>
      <object_component id="oc-116">
         <name>.bss</name>
         <uninitialized>true</uninitialized>
         <run_address>0x18218</run_address>
         <size>0x108</size>
         <input_file_ref idref="fl-3d"/>
      </object_component>
      <object_component id="oc-125">
         <name>.bss</name>
         <uninitialized>true</uninitialized>
         <run_address>0x18490</run_address>
         <size>0x6</size>
         <input_file_ref idref="fl-40"/>
      </object_component>
      <object_component id="oc-2e">
         <name>.const:.string</name>
         <load_address>0x23df0</load_address>
         <run_address>0x23df0</run_address>
         <size>0x328</size>
         <input_file_ref idref="fl-3"/>
      </object_component>
      <object_component id="oc-131">
         <name>.const:__ctypes_</name>
         <load_address>0x24118</load_address>
         <run_address>0x24118</run_address>
         <size>0x202</size>
         <input_file_ref idref="fl-19"/>
      </object_component>
      <object_component id="oc-64">
         <name>.const:.string</name>
         <load_address>0x2431c</load_address>
         <run_address>0x2431c</run_address>
         <size>0x48</size>
         <input_file_ref idref="fl-14"/>
      </object_component>
      <object_component id="oc-63">
         <name>.const</name>
         <load_address>0x24364</load_address>
         <run_address>0x24364</run_address>
         <size>0x18</size>
         <input_file_ref idref="fl-14"/>
      </object_component>
      <object_component id="oc-132">
         <name>.const:_initial_approx$1</name>
         <load_address>0x2437c</load_address>
         <run_address>0x2437c</run_address>
         <size>0x10</size>
         <input_file_ref idref="fl-1b"/>
      </object_component>
      <object_component id="oc-144">
         <name>.const:_pllCfg_100MHz</name>
         <load_address>0x2438c</load_address>
         <run_address>0x2438c</run_address>
         <size>0x8</size>
         <input_file_ref idref="fl-6"/>
      </object_component>
      <object_component id="oc-145">
         <name>.const:_pllCfg_120MHz</name>
         <load_address>0x24394</load_address>
         <run_address>0x24394</run_address>
         <size>0x8</size>
         <input_file_ref idref="fl-6"/>
      </object_component>
      <object_component id="oc-13e">
         <name>.const:_pllCfg_16p384MHz</name>
         <load_address>0x2439c</load_address>
         <run_address>0x2439c</run_address>
         <size>0x8</size>
         <input_file_ref idref="fl-6"/>
      </object_component>
      <object_component id="oc-13f">
         <name>.const:_pllCfg_32p768MHz</name>
         <load_address>0x243a4</load_address>
         <run_address>0x243a4</run_address>
         <size>0x8</size>
         <input_file_ref idref="fl-6"/>
      </object_component>
      <object_component id="oc-140">
         <name>.const:_pllCfg_40MHz</name>
         <load_address>0x243ac</load_address>
         <run_address>0x243ac</run_address>
         <size>0x8</size>
         <input_file_ref idref="fl-6"/>
      </object_component>
      <object_component id="oc-141">
         <name>.const:_pllCfg_50MHz</name>
         <load_address>0x243b4</load_address>
         <run_address>0x243b4</run_address>
         <size>0x8</size>
         <input_file_ref idref="fl-6"/>
      </object_component>
      <object_component id="oc-142">
         <name>.const:_pllCfg_60MHz</name>
         <load_address>0x243bc</load_address>
         <run_address>0x243bc</run_address>
         <size>0x8</size>
         <input_file_ref idref="fl-6"/>
      </object_component>
      <object_component id="oc-143">
         <name>.const:_pllCfg_75MHz</name>
         <load_address>0x243c4</load_address>
         <run_address>0x243c4</run_address>
         <size>0x8</size>
         <input_file_ref idref="fl-6"/>
      </object_component>
      <object_component id="oc-98">
         <name>.const:.string</name>
         <load_address>0x243cc</load_address>
         <run_address>0x243cc</run_address>
         <size>0x4</size>
         <input_file_ref idref="fl-21"/>
      </object_component>
      <object_component id="oc-8f">
         <name>.const</name>
         <load_address>0x243d0</load_address>
         <run_address>0x243d0</run_address>
         <size>0x4</size>
         <input_file_ref idref="fl-1f"/>
      </object_component>
      <object_component id="oc-3f">
         <name>.stack</name>
         <uninitialized>true</uninitialized>
         <run_address>0x4000</run_address>
         <size>0x0</size>
         <input_file_ref idref="fl-d"/>
      </object_component>
      <object_component id="oc-168">
         <name>.stack</name>
         <uninitialized>true</uninitialized>
         <run_address>0x4000</run_address>
         <size>0x0</size>
      </object_component>
      <object_component id="oc-12f">
         <name>.sysstack</name>
         <uninitialized>true</uninitialized>
         <run_address>0x4400</run_address>
         <size>0x0</size>
         <input_file_ref idref="fl-d"/>
      </object_component>
      <object_component id="oc-16a">
         <name>.sysstack</name>
         <uninitialized>true</uninitialized>
         <run_address>0x4400</run_address>
         <size>0x0</size>
      </object_component>
      <object_component id="oc-fe">
         <name>.sysmem</name>
         <uninitialized>true</uninitialized>
         <run_address>0x235f0</run_address>
         <size>0x0</size>
         <input_file_ref idref="fl-38"/>
      </object_component>
      <object_component id="oc-169">
         <name>.sysmem</name>
         <uninitialized>true</uninitialized>
         <run_address>0x235f0</run_address>
         <size>0x0</size>
      </object_component>
      <object_component id="oc-d0">
         <name>.cio</name>
         <uninitialized>true</uninitialized>
         <run_address>0x24b58</run_address>
         <size>0x240</size>
         <input_file_ref idref="fl-2e"/>
      </object_component>
      <object_component id="oc-26">
         <name>.fir1Coefs</name>
         <load_address>0x24fb8</load_address>
         <run_address>0x24fb8</run_address>
         <size>0x1e</size>
         <input_file_ref idref="fl-3"/>
      </object_component>
      <object_component id="oc-29">
         <name>.fir2Coefs</name>
         <load_address>0x25200</load_address>
         <run_address>0x25200</run_address>
         <size>0x74</size>
         <input_file_ref idref="fl-3"/>
      </object_component>
      <object_component id="oc-27">
         <name>.fir1DlyBuf</name>
         <uninitialized>true</uninitialized>
         <run_address>0x48f4</run_address>
         <size>0x48</size>
         <input_file_ref idref="fl-3"/>
      </object_component>
      <object_component id="oc-2a">
         <name>.fir2DlyBuf</name>
         <uninitialized>true</uninitialized>
         <run_address>0x4800</run_address>
         <size>0xf4</size>
         <input_file_ref idref="fl-3"/>
      </object_component>
      <object_component id="oc-23">
         <name>.i2sDmaReadBufLeft</name>
         <uninitialized>true</uninitialized>
         <run_address>0x221f0</run_address>
         <size>0xa00</size>
         <input_file_ref idref="fl-3"/>
      </object_component>
      <object_component id="oc-24">
         <name>.i2sDmaReadBufRight</name>
         <uninitialized>true</uninitialized>
         <run_address>0x22bf0</run_address>
         <size>0xa00</size>
         <input_file_ref idref="fl-3"/>
      </object_component>
      <object_component id="oc-25">
         <name>.cicOutFrame</name>
         <uninitialized>true</uninitialized>
         <run_address>0x203f0</run_address>
         <size>0x1400</size>
         <input_file_ref idref="fl-3"/>
      </object_component>
      <object_component id="oc-28">
         <name>.fir1OutFrame</name>
         <uninitialized>true</uninitialized>
         <run_address>0x217f0</run_address>
         <size>0xa00</size>
         <input_file_ref idref="fl-3"/>
      </object_component>
      <object_component id="oc-2b">
         <name>.fir2OutFrame</name>
         <uninitialized>true</uninitialized>
         <run_address>0x243d4</run_address>
         <size>0x500</size>
         <input_file_ref idref="fl-3"/>
      </object_component>
      <object_component id="oc-2c">
         <name>.digGainOutFrame</name>
         <uninitialized>true</uninitialized>
         <run_address>0x248d4</run_address>
         <size>0x280</size>
         <input_file_ref idref="fl-3"/>
      </object_component>
      <object_component id="oc-1d">
         <name>.debug_info</name>
         <load_address>0x0</load_address>
         <run_address>0x0</run_address>
         <size>0x1f8</size>
         <input_file_ref idref="fl-2"/>
      </object_component>
      <object_component id="oc-21">
         <name>.debug_info</name>
         <load_address>0x1f8</load_address>
         <run_address>0x1f8</run_address>
         <size>0x3b14</size>
         <input_file_ref idref="fl-3"/>
      </object_component>
      <object_component id="oc-33">
         <name>.debug_info</name>
         <load_address>0x3d0c</load_address>
         <run_address>0x3d0c</run_address>
         <size>0x1f0</size>
         <input_file_ref idref="fl-4"/>
      </object_component>
      <object_component id="oc-37">
         <name>.debug_info</name>
         <load_address>0x3efc</load_address>
         <run_address>0x3efc</run_address>
         <size>0x1fb</size>
         <input_file_ref idref="fl-5"/>
      </object_component>
      <object_component id="oc-3b">
         <name>.debug_info</name>
         <load_address>0x40f7</load_address>
         <run_address>0x40f7</run_address>
         <size>0x1325</size>
         <input_file_ref idref="fl-6"/>
      </object_component>
      <object_component id="oc-40">
         <name>.debug_info</name>
         <load_address>0x541c</load_address>
         <run_address>0x541c</run_address>
         <size>0xe8</size>
         <input_file_ref idref="fl-d"/>
      </object_component>
      <object_component id="oc-45">
         <name>.debug_info</name>
         <load_address>0x5504</load_address>
         <run_address>0x5504</run_address>
         <size>0x5fb</size>
         <input_file_ref idref="fl-e"/>
      </object_component>
      <object_component id="oc-4b">
         <name>.debug_info</name>
         <load_address>0x5aff</load_address>
         <run_address>0x5aff</run_address>
         <size>0x76c</size>
         <input_file_ref idref="fl-f"/>
      </object_component>
      <object_component id="oc-4f">
         <name>.debug_info</name>
         <load_address>0x626b</load_address>
         <run_address>0x626b</run_address>
         <size>0x4f2</size>
         <input_file_ref idref="fl-10"/>
      </object_component>
      <object_component id="oc-53">
         <name>.debug_info</name>
         <load_address>0x675d</load_address>
         <run_address>0x675d</run_address>
         <size>0x534</size>
         <input_file_ref idref="fl-11"/>
      </object_component>
      <object_component id="oc-58">
         <name>.debug_info</name>
         <load_address>0x6c91</load_address>
         <run_address>0x6c91</run_address>
         <size>0xbc</size>
         <input_file_ref idref="fl-12"/>
      </object_component>
      <object_component id="oc-5d">
         <name>.debug_info</name>
         <load_address>0x6d4d</load_address>
         <run_address>0x6d4d</run_address>
         <size>0x5bc</size>
         <input_file_ref idref="fl-13"/>
      </object_component>
      <object_component id="oc-62">
         <name>.debug_info</name>
         <load_address>0x7309</load_address>
         <run_address>0x7309</run_address>
         <size>0x27bd</size>
         <input_file_ref idref="fl-14"/>
      </object_component>
      <object_component id="oc-68">
         <name>.debug_info</name>
         <load_address>0x9ac6</load_address>
         <run_address>0x9ac6</run_address>
         <size>0x586</size>
         <input_file_ref idref="fl-15"/>
      </object_component>
      <object_component id="oc-6c">
         <name>.debug_info</name>
         <load_address>0xa04c</load_address>
         <run_address>0xa04c</run_address>
         <size>0x5a4</size>
         <input_file_ref idref="fl-16"/>
      </object_component>
      <object_component id="oc-70">
         <name>.debug_info</name>
         <load_address>0xa5f0</load_address>
         <run_address>0xa5f0</run_address>
         <size>0xcd</size>
         <input_file_ref idref="fl-17"/>
      </object_component>
      <object_component id="oc-74">
         <name>.debug_info</name>
         <load_address>0xa6bd</load_address>
         <run_address>0xa6bd</run_address>
         <size>0x81f</size>
         <input_file_ref idref="fl-18"/>
      </object_component>
      <object_component id="oc-77">
         <name>.debug_info</name>
         <load_address>0xaedc</load_address>
         <run_address>0xaedc</run_address>
         <size>0x498</size>
         <input_file_ref idref="fl-19"/>
      </object_component>
      <object_component id="oc-7a">
         <name>.debug_info</name>
         <load_address>0xb374</load_address>
         <run_address>0xb374</run_address>
         <size>0x57e</size>
         <input_file_ref idref="fl-1a"/>
      </object_component>
      <object_component id="oc-7e">
         <name>.debug_info</name>
         <load_address>0xb8f2</load_address>
         <run_address>0xb8f2</run_address>
         <size>0x7e8</size>
         <input_file_ref idref="fl-1b"/>
      </object_component>
      <object_component id="oc-82">
         <name>.debug_info</name>
         <load_address>0xc0da</load_address>
         <run_address>0xc0da</run_address>
         <size>0x534</size>
         <input_file_ref idref="fl-1c"/>
      </object_component>
      <object_component id="oc-86">
         <name>.debug_info</name>
         <load_address>0xc60e</load_address>
         <run_address>0xc60e</run_address>
         <size>0x4cf</size>
         <input_file_ref idref="fl-1d"/>
      </object_component>
      <object_component id="oc-8a">
         <name>.debug_info</name>
         <load_address>0xcadd</load_address>
         <run_address>0xcadd</run_address>
         <size>0x534</size>
         <input_file_ref idref="fl-1e"/>
      </object_component>
      <object_component id="oc-8e">
         <name>.debug_info</name>
         <load_address>0xd011</load_address>
         <run_address>0xd011</run_address>
         <size>0x549</size>
         <input_file_ref idref="fl-1f"/>
      </object_component>
      <object_component id="oc-93">
         <name>.debug_info</name>
         <load_address>0xd55a</load_address>
         <run_address>0xd55a</run_address>
         <size>0x6aa</size>
         <input_file_ref idref="fl-20"/>
      </object_component>
      <object_component id="oc-97">
         <name>.debug_info</name>
         <load_address>0xdc04</load_address>
         <run_address>0xdc04</run_address>
         <size>0x942</size>
         <input_file_ref idref="fl-21"/>
      </object_component>
      <object_component id="oc-9c">
         <name>.debug_info</name>
         <load_address>0xe546</load_address>
         <run_address>0xe546</run_address>
         <size>0x53e</size>
         <input_file_ref idref="fl-22"/>
      </object_component>
      <object_component id="oc-a0">
         <name>.debug_info</name>
         <load_address>0xea84</load_address>
         <run_address>0xea84</run_address>
         <size>0x680</size>
         <input_file_ref idref="fl-23"/>
      </object_component>
      <object_component id="oc-a4">
         <name>.debug_info</name>
         <load_address>0xf104</load_address>
         <run_address>0xf104</run_address>
         <size>0x7d4</size>
         <input_file_ref idref="fl-24"/>
      </object_component>
      <object_component id="oc-a8">
         <name>.debug_info</name>
         <load_address>0xf8d8</load_address>
         <run_address>0xf8d8</run_address>
         <size>0xbd</size>
         <input_file_ref idref="fl-25"/>
      </object_component>
      <object_component id="oc-ad">
         <name>.debug_info</name>
         <load_address>0xf995</load_address>
         <run_address>0xf995</run_address>
         <size>0x144b</size>
         <input_file_ref idref="fl-26"/>
      </object_component>
      <object_component id="oc-b2">
         <name>.debug_info</name>
         <load_address>0x10de0</load_address>
         <run_address>0x10de0</run_address>
         <size>0x5ad</size>
         <input_file_ref idref="fl-27"/>
      </object_component>
      <object_component id="oc-b6">
         <name>.debug_info</name>
         <load_address>0x1138d</load_address>
         <run_address>0x1138d</run_address>
         <size>0x574</size>
         <input_file_ref idref="fl-28"/>
      </object_component>
      <object_component id="oc-ba">
         <name>.debug_info</name>
         <load_address>0x11901</load_address>
         <run_address>0x11901</run_address>
         <size>0xd1</size>
         <input_file_ref idref="fl-29"/>
      </object_component>
      <object_component id="oc-be">
         <name>.debug_info</name>
         <load_address>0x119d2</load_address>
         <run_address>0x119d2</run_address>
         <size>0x55b</size>
         <input_file_ref idref="fl-2a"/>
      </object_component>
      <object_component id="oc-c2">
         <name>.debug_info</name>
         <load_address>0x11f2d</load_address>
         <run_address>0x11f2d</run_address>
         <size>0x4b7</size>
         <input_file_ref idref="fl-2b"/>
      </object_component>
      <object_component id="oc-c6">
         <name>.debug_info</name>
         <load_address>0x123e4</load_address>
         <run_address>0x123e4</run_address>
         <size>0x4de</size>
         <input_file_ref idref="fl-2c"/>
      </object_component>
      <object_component id="oc-cb">
         <name>.debug_info</name>
         <load_address>0x128c2</load_address>
         <run_address>0x128c2</run_address>
         <size>0xed4</size>
         <input_file_ref idref="fl-2d"/>
      </object_component>
      <object_component id="oc-cf">
         <name>.debug_info</name>
         <load_address>0x13796</load_address>
         <run_address>0x13796</run_address>
         <size>0x744</size>
         <input_file_ref idref="fl-2e"/>
      </object_component>
      <object_component id="oc-d5">
         <name>.debug_info</name>
         <load_address>0x13eda</load_address>
         <run_address>0x13eda</run_address>
         <size>0xef</size>
         <input_file_ref idref="fl-2f"/>
      </object_component>
      <object_component id="oc-d9">
         <name>.debug_info</name>
         <load_address>0x13fc9</load_address>
         <run_address>0x13fc9</run_address>
         <size>0x662</size>
         <input_file_ref idref="fl-30"/>
      </object_component>
      <object_component id="oc-dd">
         <name>.debug_info</name>
         <load_address>0x1462b</load_address>
         <run_address>0x1462b</run_address>
         <size>0x5ab</size>
         <input_file_ref idref="fl-31"/>
      </object_component>
      <object_component id="oc-e1">
         <name>.debug_info</name>
         <load_address>0x14bd6</load_address>
         <run_address>0x14bd6</run_address>
         <size>0x4f2</size>
         <input_file_ref idref="fl-32"/>
      </object_component>
      <object_component id="oc-e5">
         <name>.debug_info</name>
         <load_address>0x150c8</load_address>
         <run_address>0x150c8</run_address>
         <size>0x706</size>
         <input_file_ref idref="fl-33"/>
      </object_component>
      <object_component id="oc-e9">
         <name>.debug_info</name>
         <load_address>0x157ce</load_address>
         <run_address>0x157ce</run_address>
         <size>0x4d2</size>
         <input_file_ref idref="fl-34"/>
      </object_component>
      <object_component id="oc-ed">
         <name>.debug_info</name>
         <load_address>0x15ca0</load_address>
         <run_address>0x15ca0</run_address>
         <size>0x5f7</size>
         <input_file_ref idref="fl-35"/>
      </object_component>
      <object_component id="oc-f1">
         <name>.debug_info</name>
         <load_address>0x16297</load_address>
         <run_address>0x16297</run_address>
         <size>0x64a</size>
         <input_file_ref idref="fl-36"/>
      </object_component>
      <object_component id="oc-f6">
         <name>.debug_info</name>
         <load_address>0x168e1</load_address>
         <run_address>0x168e1</run_address>
         <size>0xa1c</size>
         <input_file_ref idref="fl-37"/>
      </object_component>
      <object_component id="oc-fc">
         <name>.debug_info</name>
         <load_address>0x172fd</load_address>
         <run_address>0x172fd</run_address>
         <size>0xb97</size>
         <input_file_ref idref="fl-38"/>
      </object_component>
      <object_component id="oc-102">
         <name>.debug_info</name>
         <load_address>0x17e94</load_address>
         <run_address>0x17e94</run_address>
         <size>0x64f</size>
         <input_file_ref idref="fl-39"/>
      </object_component>
      <object_component id="oc-106">
         <name>.debug_info</name>
         <load_address>0x184e3</load_address>
         <run_address>0x184e3</run_address>
         <size>0x510</size>
         <input_file_ref idref="fl-3a"/>
      </object_component>
      <object_component id="oc-10a">
         <name>.debug_info</name>
         <load_address>0x189f3</load_address>
         <run_address>0x189f3</run_address>
         <size>0x2632</size>
         <input_file_ref idref="fl-3b"/>
      </object_component>
      <object_component id="oc-110">
         <name>.debug_info</name>
         <load_address>0x1b025</load_address>
         <run_address>0x1b025</run_address>
         <size>0x2193</size>
         <input_file_ref idref="fl-3c"/>
      </object_component>
      <object_component id="oc-117">
         <name>.debug_info</name>
         <load_address>0x1d1b8</load_address>
         <run_address>0x1d1b8</run_address>
         <size>0x18da</size>
         <input_file_ref idref="fl-3d"/>
      </object_component>
      <object_component id="oc-11c">
         <name>.debug_info</name>
         <load_address>0x1ea92</load_address>
         <run_address>0x1ea92</run_address>
         <size>0x151</size>
         <input_file_ref idref="fl-3e"/>
      </object_component>
      <object_component id="oc-120">
         <name>.debug_info</name>
         <load_address>0x1ebe3</load_address>
         <run_address>0x1ebe3</run_address>
         <size>0x1399</size>
         <input_file_ref idref="fl-3f"/>
      </object_component>
      <object_component id="oc-126">
         <name>.debug_info</name>
         <load_address>0x1ff7c</load_address>
         <run_address>0x1ff7c</run_address>
         <size>0xfd7</size>
         <input_file_ref idref="fl-40"/>
      </object_component>
      <object_component id="oc-12c">
         <name>.debug_info</name>
         <load_address>0x20f53</load_address>
         <run_address>0x20f53</run_address>
         <size>0x152</size>
         <input_file_ref idref="fl-41"/>
      </object_component>
      <object_component id="oc-16c">
         <name>.debug_info</name>
         <load_address>0x210a5</load_address>
         <run_address>0x210a5</run_address>
         <size>0x6e</size>
      </object_component>
      <object_component id="oc-1e">
         <name>.debug_line</name>
         <load_address>0x0</load_address>
         <run_address>0x0</run_address>
         <size>0xd6</size>
         <input_file_ref idref="fl-2"/>
      </object_component>
      <object_component id="oc-30">
         <name>.debug_line</name>
         <load_address>0xd6</load_address>
         <run_address>0xd6</run_address>
         <size>0x2e2</size>
         <input_file_ref idref="fl-3"/>
      </object_component>
      <object_component id="oc-34">
         <name>.debug_line</name>
         <load_address>0x3b8</load_address>
         <run_address>0x3b8</run_address>
         <size>0xba</size>
         <input_file_ref idref="fl-4"/>
      </object_component>
      <object_component id="oc-38">
         <name>.debug_line</name>
         <load_address>0x472</load_address>
         <run_address>0x472</run_address>
         <size>0x11d</size>
         <input_file_ref idref="fl-5"/>
      </object_component>
      <object_component id="oc-3d">
         <name>.debug_line</name>
         <load_address>0x58f</load_address>
         <run_address>0x58f</run_address>
         <size>0x1a8</size>
         <input_file_ref idref="fl-6"/>
      </object_component>
      <object_component id="oc-41">
         <name>.debug_line</name>
         <load_address>0x737</load_address>
         <run_address>0x737</run_address>
         <size>0x54</size>
         <input_file_ref idref="fl-d"/>
      </object_component>
      <object_component id="oc-48">
         <name>.debug_line</name>
         <load_address>0x78b</load_address>
         <run_address>0x78b</run_address>
         <size>0x51</size>
         <input_file_ref idref="fl-e"/>
      </object_component>
      <object_component id="oc-4c">
         <name>.debug_line</name>
         <load_address>0x7dc</load_address>
         <run_address>0x7dc</run_address>
         <size>0x69</size>
         <input_file_ref idref="fl-f"/>
      </object_component>
      <object_component id="oc-50">
         <name>.debug_line</name>
         <load_address>0x845</load_address>
         <run_address>0x845</run_address>
         <size>0x3c</size>
         <input_file_ref idref="fl-10"/>
      </object_component>
      <object_component id="oc-54">
         <name>.debug_line</name>
         <load_address>0x881</load_address>
         <run_address>0x881</run_address>
         <size>0x44</size>
         <input_file_ref idref="fl-11"/>
      </object_component>
      <object_component id="oc-59">
         <name>.debug_line</name>
         <load_address>0x8c5</load_address>
         <run_address>0x8c5</run_address>
         <size>0x37</size>
         <input_file_ref idref="fl-12"/>
      </object_component>
      <object_component id="oc-5f">
         <name>.debug_line</name>
         <load_address>0x8fc</load_address>
         <run_address>0x8fc</run_address>
         <size>0x57</size>
         <input_file_ref idref="fl-13"/>
      </object_component>
      <object_component id="oc-65">
         <name>.debug_line</name>
         <load_address>0x953</load_address>
         <run_address>0x953</run_address>
         <size>0x328</size>
         <input_file_ref idref="fl-14"/>
      </object_component>
      <object_component id="oc-69">
         <name>.debug_line</name>
         <load_address>0xc7b</load_address>
         <run_address>0xc7b</run_address>
         <size>0x41</size>
         <input_file_ref idref="fl-15"/>
      </object_component>
      <object_component id="oc-6d">
         <name>.debug_line</name>
         <load_address>0xcbc</load_address>
         <run_address>0xcbc</run_address>
         <size>0x46</size>
         <input_file_ref idref="fl-16"/>
      </object_component>
      <object_component id="oc-71">
         <name>.debug_line</name>
         <load_address>0xd02</load_address>
         <run_address>0xd02</run_address>
         <size>0x55</size>
         <input_file_ref idref="fl-17"/>
      </object_component>
      <object_component id="oc-75">
         <name>.debug_line</name>
         <load_address>0xd57</load_address>
         <run_address>0xd57</run_address>
         <size>0xad</size>
         <input_file_ref idref="fl-18"/>
      </object_component>
      <object_component id="oc-7f">
         <name>.debug_line</name>
         <load_address>0xe04</load_address>
         <run_address>0xe04</run_address>
         <size>0x5b</size>
         <input_file_ref idref="fl-1b"/>
      </object_component>
      <object_component id="oc-83">
         <name>.debug_line</name>
         <load_address>0xe5f</load_address>
         <run_address>0xe5f</run_address>
         <size>0x44</size>
         <input_file_ref idref="fl-1c"/>
      </object_component>
      <object_component id="oc-87">
         <name>.debug_line</name>
         <load_address>0xea3</load_address>
         <run_address>0xea3</run_address>
         <size>0x3d</size>
         <input_file_ref idref="fl-1d"/>
      </object_component>
      <object_component id="oc-8b">
         <name>.debug_line</name>
         <load_address>0xee0</load_address>
         <run_address>0xee0</run_address>
         <size>0x3d</size>
         <input_file_ref idref="fl-1e"/>
      </object_component>
      <object_component id="oc-90">
         <name>.debug_line</name>
         <load_address>0xf1d</load_address>
         <run_address>0xf1d</run_address>
         <size>0x44</size>
         <input_file_ref idref="fl-1f"/>
      </object_component>
      <object_component id="oc-94">
         <name>.debug_line</name>
         <load_address>0xf61</load_address>
         <run_address>0xf61</run_address>
         <size>0x56</size>
         <input_file_ref idref="fl-20"/>
      </object_component>
      <object_component id="oc-99">
         <name>.debug_line</name>
         <load_address>0xfb7</load_address>
         <run_address>0xfb7</run_address>
         <size>0xa8</size>
         <input_file_ref idref="fl-21"/>
      </object_component>
      <object_component id="oc-9d">
         <name>.debug_line</name>
         <load_address>0x105f</load_address>
         <run_address>0x105f</run_address>
         <size>0x40</size>
         <input_file_ref idref="fl-22"/>
      </object_component>
      <object_component id="oc-a1">
         <name>.debug_line</name>
         <load_address>0x109f</load_address>
         <run_address>0x109f</run_address>
         <size>0x38</size>
         <input_file_ref idref="fl-23"/>
      </object_component>
      <object_component id="oc-a5">
         <name>.debug_line</name>
         <load_address>0x10d7</load_address>
         <run_address>0x10d7</run_address>
         <size>0xa8</size>
         <input_file_ref idref="fl-24"/>
      </object_component>
      <object_component id="oc-a9">
         <name>.debug_line</name>
         <load_address>0x117f</load_address>
         <run_address>0x117f</run_address>
         <size>0x3c</size>
         <input_file_ref idref="fl-25"/>
      </object_component>
      <object_component id="oc-af">
         <name>.debug_line</name>
         <load_address>0x11bb</load_address>
         <run_address>0x11bb</run_address>
         <size>0x1b0</size>
         <input_file_ref idref="fl-26"/>
      </object_component>
      <object_component id="oc-b3">
         <name>.debug_line</name>
         <load_address>0x136b</load_address>
         <run_address>0x136b</run_address>
         <size>0x40</size>
         <input_file_ref idref="fl-27"/>
      </object_component>
      <object_component id="oc-b7">
         <name>.debug_line</name>
         <load_address>0x13ab</load_address>
         <run_address>0x13ab</run_address>
         <size>0x3c</size>
         <input_file_ref idref="fl-28"/>
      </object_component>
      <object_component id="oc-bb">
         <name>.debug_line</name>
         <load_address>0x13e7</load_address>
         <run_address>0x13e7</run_address>
         <size>0x4d</size>
         <input_file_ref idref="fl-29"/>
      </object_component>
      <object_component id="oc-bf">
         <name>.debug_line</name>
         <load_address>0x1434</load_address>
         <run_address>0x1434</run_address>
         <size>0x3c</size>
         <input_file_ref idref="fl-2a"/>
      </object_component>
      <object_component id="oc-c3">
         <name>.debug_line</name>
         <load_address>0x1470</load_address>
         <run_address>0x1470</run_address>
         <size>0x37</size>
         <input_file_ref idref="fl-2b"/>
      </object_component>
      <object_component id="oc-c7">
         <name>.debug_line</name>
         <load_address>0x14a7</load_address>
         <run_address>0x14a7</run_address>
         <size>0x37</size>
         <input_file_ref idref="fl-2c"/>
      </object_component>
      <object_component id="oc-cc">
         <name>.debug_line</name>
         <load_address>0x14de</load_address>
         <run_address>0x14de</run_address>
         <size>0x15d</size>
         <input_file_ref idref="fl-2d"/>
      </object_component>
      <object_component id="oc-d2">
         <name>.debug_line</name>
         <load_address>0x163b</load_address>
         <run_address>0x163b</run_address>
         <size>0x6a</size>
         <input_file_ref idref="fl-2e"/>
      </object_component>
      <object_component id="oc-d6">
         <name>.debug_line</name>
         <load_address>0x16a5</load_address>
         <run_address>0x16a5</run_address>
         <size>0x58</size>
         <input_file_ref idref="fl-2f"/>
      </object_component>
      <object_component id="oc-da">
         <name>.debug_line</name>
         <load_address>0x16fd</load_address>
         <run_address>0x16fd</run_address>
         <size>0x57</size>
         <input_file_ref idref="fl-30"/>
      </object_component>
      <object_component id="oc-de">
         <name>.debug_line</name>
         <load_address>0x1754</load_address>
         <run_address>0x1754</run_address>
         <size>0x5c</size>
         <input_file_ref idref="fl-31"/>
      </object_component>
      <object_component id="oc-e2">
         <name>.debug_line</name>
         <load_address>0x17b0</load_address>
         <run_address>0x17b0</run_address>
         <size>0x3c</size>
         <input_file_ref idref="fl-32"/>
      </object_component>
      <object_component id="oc-e6">
         <name>.debug_line</name>
         <load_address>0x17ec</load_address>
         <run_address>0x17ec</run_address>
         <size>0x5b</size>
         <input_file_ref idref="fl-33"/>
      </object_component>
      <object_component id="oc-ea">
         <name>.debug_line</name>
         <load_address>0x1847</load_address>
         <run_address>0x1847</run_address>
         <size>0x3a</size>
         <input_file_ref idref="fl-34"/>
      </object_component>
      <object_component id="oc-ee">
         <name>.debug_line</name>
         <load_address>0x1881</load_address>
         <run_address>0x1881</run_address>
         <size>0x3c</size>
         <input_file_ref idref="fl-35"/>
      </object_component>
      <object_component id="oc-f2">
         <name>.debug_line</name>
         <load_address>0x18bd</load_address>
         <run_address>0x18bd</run_address>
         <size>0x3f</size>
         <input_file_ref idref="fl-36"/>
      </object_component>
      <object_component id="oc-f8">
         <name>.debug_line</name>
         <load_address>0x18fc</load_address>
         <run_address>0x18fc</run_address>
         <size>0xd7</size>
         <input_file_ref idref="fl-37"/>
      </object_component>
      <object_component id="oc-ff">
         <name>.debug_line</name>
         <load_address>0x19d3</load_address>
         <run_address>0x19d3</run_address>
         <size>0x112</size>
         <input_file_ref idref="fl-38"/>
      </object_component>
      <object_component id="oc-103">
         <name>.debug_line</name>
         <load_address>0x1ae5</load_address>
         <run_address>0x1ae5</run_address>
         <size>0x3d</size>
         <input_file_ref idref="fl-39"/>
      </object_component>
      <object_component id="oc-107">
         <name>.debug_line</name>
         <load_address>0x1b22</load_address>
         <run_address>0x1b22</run_address>
         <size>0x39</size>
         <input_file_ref idref="fl-3a"/>
      </object_component>
      <object_component id="oc-10c">
         <name>.debug_line</name>
         <load_address>0x1b5b</load_address>
         <run_address>0x1b5b</run_address>
         <size>0xcfc</size>
         <input_file_ref idref="fl-3b"/>
      </object_component>
      <object_component id="oc-113">
         <name>.debug_line</name>
         <load_address>0x2857</load_address>
         <run_address>0x2857</run_address>
         <size>0x44a</size>
         <input_file_ref idref="fl-3c"/>
      </object_component>
      <object_component id="oc-119">
         <name>.debug_line</name>
         <load_address>0x2ca1</load_address>
         <run_address>0x2ca1</run_address>
         <size>0x2e9</size>
         <input_file_ref idref="fl-3d"/>
      </object_component>
      <object_component id="oc-11d">
         <name>.debug_line</name>
         <load_address>0x2f8a</load_address>
         <run_address>0x2f8a</run_address>
         <size>0x97</size>
         <input_file_ref idref="fl-3e"/>
      </object_component>
      <object_component id="oc-122">
         <name>.debug_line</name>
         <load_address>0x3021</load_address>
         <run_address>0x3021</run_address>
         <size>0x1ea</size>
         <input_file_ref idref="fl-3f"/>
      </object_component>
      <object_component id="oc-128">
         <name>.debug_line</name>
         <load_address>0x320b</load_address>
         <run_address>0x320b</run_address>
         <size>0x1b0</size>
         <input_file_ref idref="fl-40"/>
      </object_component>
      <object_component id="oc-12d">
         <name>.debug_line</name>
         <load_address>0x33bb</load_address>
         <run_address>0x33bb</run_address>
         <size>0x93</size>
         <input_file_ref idref="fl-41"/>
      </object_component>
      <object_component id="oc-1f">
         <name>.debug_abbrev</name>
         <load_address>0x0</load_address>
         <run_address>0x0</run_address>
         <size>0x2c</size>
         <input_file_ref idref="fl-2"/>
      </object_component>
      <object_component id="oc-31">
         <name>.debug_abbrev</name>
         <load_address>0x2c</load_address>
         <run_address>0x2c</run_address>
         <size>0x239</size>
         <input_file_ref idref="fl-3"/>
      </object_component>
      <object_component id="oc-35">
         <name>.debug_abbrev</name>
         <load_address>0x265</load_address>
         <run_address>0x265</run_address>
         <size>0x2c</size>
         <input_file_ref idref="fl-4"/>
      </object_component>
      <object_component id="oc-39">
         <name>.debug_abbrev</name>
         <load_address>0x291</load_address>
         <run_address>0x291</run_address>
         <size>0x2c</size>
         <input_file_ref idref="fl-5"/>
      </object_component>
      <object_component id="oc-3e">
         <name>.debug_abbrev</name>
         <load_address>0x2bd</load_address>
         <run_address>0x2bd</run_address>
         <size>0x174</size>
         <input_file_ref idref="fl-6"/>
      </object_component>
      <object_component id="oc-42">
         <name>.debug_abbrev</name>
         <load_address>0x431</load_address>
         <run_address>0x431</run_address>
         <size>0x3a</size>
         <input_file_ref idref="fl-d"/>
      </object_component>
      <object_component id="oc-49">
         <name>.debug_abbrev</name>
         <load_address>0x46b</load_address>
         <run_address>0x46b</run_address>
         <size>0xf7</size>
         <input_file_ref idref="fl-e"/>
      </object_component>
      <object_component id="oc-4d">
         <name>.debug_abbrev</name>
         <load_address>0x562</load_address>
         <run_address>0x562</run_address>
         <size>0x145</size>
         <input_file_ref idref="fl-f"/>
      </object_component>
      <object_component id="oc-51">
         <name>.debug_abbrev</name>
         <load_address>0x6a7</load_address>
         <run_address>0x6a7</run_address>
         <size>0xa6</size>
         <input_file_ref idref="fl-10"/>
      </object_component>
      <object_component id="oc-55">
         <name>.debug_abbrev</name>
         <load_address>0x74d</load_address>
         <run_address>0x74d</run_address>
         <size>0xb5</size>
         <input_file_ref idref="fl-11"/>
      </object_component>
      <object_component id="oc-5a">
         <name>.debug_abbrev</name>
         <load_address>0x802</load_address>
         <run_address>0x802</run_address>
         <size>0x26</size>
         <input_file_ref idref="fl-12"/>
      </object_component>
      <object_component id="oc-60">
         <name>.debug_abbrev</name>
         <load_address>0x828</load_address>
         <run_address>0x828</run_address>
         <size>0x9f</size>
         <input_file_ref idref="fl-13"/>
      </object_component>
      <object_component id="oc-66">
         <name>.debug_abbrev</name>
         <load_address>0x8c7</load_address>
         <run_address>0x8c7</run_address>
         <size>0x1f8</size>
         <input_file_ref idref="fl-14"/>
      </object_component>
      <object_component id="oc-6a">
         <name>.debug_abbrev</name>
         <load_address>0xabf</load_address>
         <run_address>0xabf</run_address>
         <size>0xec</size>
         <input_file_ref idref="fl-15"/>
      </object_component>
      <object_component id="oc-6e">
         <name>.debug_abbrev</name>
         <load_address>0xbab</load_address>
         <run_address>0xbab</run_address>
         <size>0xd5</size>
         <input_file_ref idref="fl-16"/>
      </object_component>
      <object_component id="oc-72">
         <name>.debug_abbrev</name>
         <load_address>0xc80</load_address>
         <run_address>0xc80</run_address>
         <size>0x44</size>
         <input_file_ref idref="fl-17"/>
      </object_component>
      <object_component id="oc-76">
         <name>.debug_abbrev</name>
         <load_address>0xcc4</load_address>
         <run_address>0xcc4</run_address>
         <size>0xb7</size>
         <input_file_ref idref="fl-18"/>
      </object_component>
      <object_component id="oc-78">
         <name>.debug_abbrev</name>
         <load_address>0xd7b</load_address>
         <run_address>0xd7b</run_address>
[...]
         <name>__fixdi</name>
         <value>0x202f9</value>
         <object_component_ref idref="oc-85"/>
      </symbol>
      <symbol id="sm-219">
         <name>__fixdli</name>
         <value>0x1fd3e</value>
         <object_component_ref idref="oc-89"/>
      </symbol>
      <symbol id="sm-225">
         <name>__fltlid</name>
         <value>0x1ff5d</value>
         <object_component_ref idref="oc-8d"/>
      </symbol>
      <symbol id="sm-22f">
         <name>_putchar</name>
         <value>0x1f82f</value>
         <object_component_ref idref="oc-92"/>
      </symbol>
      <symbol id="sm-230">
         <name>_putc</name>
         <value>0x1f798</value>
         <object_component_ref idref="oc-92"/>
      </symbol>
      <symbol id="sm-231">
         <name>_fputc</name>
         <value>0x1f798</value>
         <object_component_ref idref="oc-92"/>
      </symbol>
      <symbol id="sm-23f">
         <name>_puts</name>
         <value>0x1efae</value>
         <object_component_ref idref="oc-96"/>
      </symbol>
      <symbol id="sm-240">
         <name>_fputs</name>
         <value>0x1ee79</value>
         <object_component_ref idref="oc-96"/>
      </symbol>
      <symbol id="sm-24a">
         <name>__frcmpyd_div</name>
         <value>0x1fbe9</value>
         <object_component_ref idref="oc-9b"/>
      </symbol>
      <symbol id="sm-254">
         <name>___isinf</name>
         <value>0x20370</value>
         <object_component_ref idref="oc-9f"/>
      </symbol>
      <symbol id="sm-25e">
         <name>__divull</name>
         <value>0x1e789</value>
         <object_component_ref idref="oc-a3"/>
      </symbol>
      <symbol id="sm-25f">
         <name>__mpylli</name>
         <value>0x1e6d1</value>
         <object_component_ref idref="oc-a3"/>
      </symbol>
      <symbol id="sm-260">
         <name>__remlli</name>
         <value>0x1e6a2</value>
         <object_component_ref idref="oc-a3"/>
      </symbol>
      <symbol id="sm-261">
         <name>__divlli</name>
         <value>0x1e87d</value>
         <object_component_ref idref="oc-a3"/>
      </symbol>
      <symbol id="sm-262">
         <name>__remull</name>
         <value>0x1e654</value>
         <object_component_ref idref="oc-a3"/>
      </symbol>
      <symbol id="sm-26a">
         <name>__mpyli</name>
         <value>0x2039e</value>
         <object_component_ref idref="oc-a7"/>
      </symbol>
      <symbol id="sm-26b">
         <name>I$$LMPY</name>
         <value>0x2039e</value>
         <object_component_ref idref="oc-a7"/>
      </symbol>
      <symbol id="sm-27d">
         <name>_add_device</name>
         <value>0x1c774</value>
         <object_component_ref idref="oc-ab"/>
      </symbol>
      <symbol id="sm-27e">
         <name>_rename</name>
         <value>0x1c496</value>
         <object_component_ref idref="oc-ab"/>
      </symbol>
      <symbol id="sm-27f">
         <name>_read</name>
         <value>0x1c525</value>
         <object_component_ref idref="oc-ab"/>
      </symbol>
      <symbol id="sm-280">
         <name>_unlink</name>
         <value>0x1c463</value>
         <object_component_ref idref="oc-ab"/>
      </symbol>
      <symbol id="sm-281">
         <name>_remove_device</name>
         <value>0x1c4ef</value>
         <object_component_ref idref="oc-ab"/>
      </symbol>
      <symbol id="sm-282">
         <name>_open</name>
         <value>0x1c5d3</value>
         <object_component_ref idref="oc-ab"/>
      </symbol>
      <symbol id="sm-283">
         <name>_find_registered_device</name>
         <value>0x1c6f8</value>
         <object_component_ref idref="oc-ab"/>
      </symbol>
      <symbol id="sm-284">
         <name>_lseek</name>
         <value>0x1c692</value>
         <object_component_ref idref="oc-ab"/>
      </symbol>
      <symbol id="sm-285">
         <name>_close</name>
         <value>0x1c701</value>
         <object_component_ref idref="oc-ab"/>
      </symbol>
      <symbol id="sm-286">
         <name>_write</name>
         <value>0x1c321</value>
         <object_component_ref idref="oc-ab"/>
      </symbol>
      <symbol id="sm-290">
         <name>_ltoa</name>
         <value>0x1fa00</value>
         <object_component_ref idref="oc-b1"/>
      </symbol>
      <symbol id="sm-29b">
         <name>_memccpy</name>
         <value>0x2034d</value>
         <object_component_ref idref="oc-b5"/>
      </symbol>
      <symbol id="sm-2a3">
         <name>_memcpy</name>
         <value>0x2019b</value>
         <object_component_ref idref="oc-b9"/>
      </symbol>
      <symbol id="sm-2ad">
         <name>__mpyd</name>
         <value>0x1f128</value>
         <object_component_ref idref="oc-bd"/>
      </symbol>
      <symbol id="sm-2b7">
         <name>__negd</name>
         <value>0x203c3</value>
         <object_component_ref idref="oc-c1"/>
      </symbol>
      <symbol id="sm-2c1">
         <name>__subd</name>
         <value>0x2038a</value>
         <object_component_ref idref="oc-c5"/>
      </symbol>
      <symbol id="sm-2cd">
         <name>_HOSTopen</name>
         <value>0x1cb6f</value>
         <object_component_ref idref="oc-c9"/>
      </symbol>
      <symbol id="sm-2ce">
         <name>_HOSTread</name>
         <value>0x1cae2</value>
         <object_component_ref idref="oc-c9"/>
      </symbol>
      <symbol id="sm-2cf">
         <name>_HOSTtime</name>
         <value>0x1c9d6</value>
         <object_component_ref idref="oc-c9"/>
      </symbol>
      <symbol id="sm-2d0">
         <name>_getenv</name>
         <value>0x1c864</value>
         <object_component_ref idref="oc-c9"/>
      </symbol>
      <symbol id="sm-2d1">
         <name>_HOSTrename</name>
         <value>0x1ca34</value>
         <object_component_ref idref="oc-c9"/>
      </symbol>
      <symbol id="sm-2d2">
         <name>_HOSTclock</name>
         <value>0x1cd2e</value>
         <object_component_ref idref="oc-c9"/>
      </symbol>
      <symbol id="sm-2d3">
         <name>_HOSTwrite</name>
         <value>0x1c8df</value>
         <object_component_ref idref="oc-c9"/>
      </symbol>
      <symbol id="sm-2d4">
         <name>_HOSTlseek</name>
         <value>0x1cc0e</value>
         <object_component_ref idref="oc-c9"/>
      </symbol>
      <symbol id="sm-2d5">
         <name>_HOSTunlink</name>
         <value>0x1c96c</value>
         <object_component_ref idref="oc-c9"/>
      </symbol>
      <symbol id="sm-2d6">
         <name>_HOSTclose</name>
         <value>0x1ccc3</value>
         <object_component_ref idref="oc-c9"/>
      </symbol>
      <symbol id="sm-2e8">
         <name>C$$IO$$</name>
         <value>0x1f793</value>
         <object_component_ref idref="oc-d1"/>
      </symbol>
      <symbol id="sm-2e9">
         <name>__CIOBUF_</name>
         <value>0x24b58</value>
         <object_component_ref idref="oc-d0"/>
      </symbol>
      <symbol id="sm-2ea">
         <name>_readmsg</name>
         <value>0x1fe1a</value>
         <object_component_ref idref="oc-ce"/>
      </symbol>
      <symbol id="sm-2eb">
         <name>_writemsg</name>
         <value>0x1f6de</value>
         <object_component_ref idref="oc-d1"/>
      </symbol>
      <symbol id="sm-2f3">
         <name>__remu</name>
         <value>0x20338</value>
         <object_component_ref idref="oc-d4"/>
      </symbol>
      <symbol id="sm-2f4">
         <name>__divu</name>
         <value>0x20323</value>
         <object_component_ref idref="oc-d4"/>
      </symbol>
      <symbol id="sm-2f5">
         <name>I$$UMOD</name>
         <value>0x20338</value>
         <object_component_ref idref="oc-d4"/>
      </symbol>
      <symbol id="sm-2f6">
         <name>I$$UDIV</name>
         <value>0x20323</value>
         <object_component_ref idref="oc-d4"/>
      </symbol>
      <symbol id="sm-300">
         <name>__rd_ok</name>
         <value>0x1f4f9</value>
         <object_component_ref idref="oc-d8"/>
      </symbol>
      <symbol id="sm-301">
         <name>__wrt_ok</name>
         <value>0x1f479</value>
         <object_component_ref idref="oc-d8"/>
      </symbol>
      <symbol id="sm-30b">
         <name>__addd</name>
         <value>0x1e8b2</value>
         <object_component_ref idref="oc-dc"/>
      </symbol>
      <symbol id="sm-315">
         <name>__divli</name>
         <value>0x20153</value>
         <object_component_ref idref="oc-e0"/>
      </symbol>
      <symbol id="sm-31f">
         <name>__doflush</name>
         <value>0x1f61c</value>
         <object_component_ref idref="oc-e4"/>
      </symbol>
      <symbol id="sm-320">
         <name>_fflush</name>
         <value>0x1f685</value>
         <object_component_ref idref="oc-e4"/>
      </symbol>
      <symbol id="sm-32a">
         <name>__frcmpyd</name>
         <value>0x1fb73</value>
         <object_component_ref idref="oc-e8"/>
      </symbol>
      <symbol id="sm-334">
         <name>_fseek</name>
         <value>0x1fef2</value>
         <object_component_ref idref="oc-ec"/>
      </symbol>
      <symbol id="sm-33e">
         <name>_setvbuf</name>
         <value>0x1f393</value>
         <object_component_ref idref="oc-f0"/>
      </symbol>
      <symbol id="sm-34d">
         <name>__cleanup</name>
         <value>0x1e298</value>
         <object_component_ref idref="oc-f4"/>
      </symbol>
      <symbol id="sm-34e">
         <name>_fopen</name>
         <value>0x1e3bb</value>
         <object_component_ref idref="oc-f4"/>
      </symbol>
      <symbol id="sm-34f">
         <name>_freopen</name>
         <value>0x1e2f2</value>
         <object_component_ref idref="oc-f4"/>
      </symbol>
      <symbol id="sm-35f">
         <name>__sys_memory</name>
         <value>0x235f0</value>
         <object_component_ref idref="oc-fe"/>
      </symbol>
      <symbol id="sm-360">
         <name>_chkheap</name>
         <value>0x1d71b</value>
         <object_component_ref idref="oc-fa"/>
      </symbol>
      <symbol id="sm-361">
         <name>_realloc</name>
         <value>0x1d4ba</value>
         <object_component_ref idref="oc-fa"/>
      </symbol>
      <symbol id="sm-362">
         <name>_free_memory</name>
         <value>0x1d6c5</value>
         <object_component_ref idref="oc-fa"/>
      </symbol>
      <symbol id="sm-363">
         <name>_max_free</name>
         <value>0x1d66b</value>
         <object_component_ref idref="oc-fa"/>
      </symbol>
      <symbol id="sm-364">
         <name>_free</name>
         <value>0x1d294</value>
         <object_component_ref idref="oc-fa"/>
      </symbol>
      <symbol id="sm-365">
         <name>_calloc</name>
         <value>0x1d723</value>
         <object_component_ref idref="oc-fa"/>
      </symbol>
      <symbol id="sm-366">
         <name>_malloc</name>
         <value>0x1d3c5</value>
         <object_component_ref idref="oc-fa"/>
      </symbol>
      <symbol id="sm-367">
         <name>_minit</name>
         <value>0x1d360</value>
         <object_component_ref idref="oc-fa"/>
      </symbol>
      <symbol id="sm-371">
         <name>_fclose</name>
         <value>0x1faf8</value>
         <object_component_ref idref="oc-101"/>
      </symbol>
      <symbol id="sm-37b">
         <name>_remove</name>
         <value>0x203d3</value>
         <object_component_ref idref="oc-105"/>
      </symbol>
      <symbol id="sm-461">
         <name>_DMA_init</name>
         <value>0x18496</value>
         <object_component_ref idref="oc-109"/>
      </symbol>
      <symbol id="sm-462">
         <name>_DMA_getConfig</name>
         <value>0x196ac</value>
         <object_component_ref idref="oc-109"/>
      </symbol>
      <symbol id="sm-463">
         <name>_DMA_config</name>
         <value>0x185d8</value>
         <object_component_ref idref="oc-109"/>
      </symbol>
      <symbol id="sm-464">
         <name>_DMA_swapWords</name>
         <value>0x1a2c5</value>
         <object_component_ref idref="oc-109"/>
      </symbol>
      <symbol id="sm-465">
         <name>_DMA_stop</name>
         <value>0x19ed8</value>
         <object_component_ref idref="oc-109"/>
      </symbol>
      <symbol id="sm-466">
         <name>_DMA_open</name>
         <value>0x184cd</value>
         <object_component_ref idref="oc-109"/>
      </symbol>
      <symbol id="sm-467">
         <name>_DMA_start</name>
         <value>0x19dcb</value>
         <object_component_ref idref="oc-109"/>
      </symbol>
      <symbol id="sm-468">
         <name>_DMA_getLastTransferType</name>
         <value>0x1a33a</value>
         <object_component_ref idref="oc-109"/>
      </symbol>
      <symbol id="sm-469">
         <name>_DMA_close</name>
         <value>0x185b9</value>
         <object_component_ref idref="oc-109"/>
      </symbol>
      <symbol id="sm-46a">
         <name>_DMA_reset</name>
         <value>0x19fd9</value>
         <object_component_ref idref="oc-109"/>
      </symbol>
      <symbol id="sm-50f">
         <name>_fsError</name>
         <value>0x18452</value>
         <object_component_ref idref="oc-10f"/>
      </symbol>
      <symbol id="sm-510">
         <name>_I2S_read</name>
         <value>0x1be1b</value>
         <object_component_ref idref="oc-10e"/>
      </symbol>
      <symbol id="sm-511">
         <name>_I2S_setup</name>
         <value>0x1ba89</value>
         <object_component_ref idref="oc-10e"/>
      </symbol>
      <symbol id="sm-512">
         <name>_I2S_reset</name>
         <value>0x1c22b</value>
         <object_component_ref idref="oc-10e"/>
      </symbol>
      <symbol id="sm-513">
         <name>_I2S_write</name>
         <value>0x1c0d5</value>
         <object_component_ref idref="oc-10e"/>
      </symbol>
      <symbol id="sm-514">
         <name>_I2S_close</name>
         <value>0x1bd70</value>
         <object_component_ref idref="oc-10e"/>
      </symbol>
      <symbol id="sm-515">
         <name>_ouError</name>
         <value>0x18454</value>
         <object_component_ref idref="oc-10f"/>
      </symbol>
      <symbol id="sm-516">
         <name>_I2S_open</name>
         <value>0x1b98a</value>
         <object_component_ref idref="oc-10e"/>
      </symbol>
      <symbol id="sm-517">
         <name>_I2S_transEnable</name>
         <value>0x1c2d6</value>
         <object_component_ref idref="oc-10e"/>
      </symbol>
      <symbol id="sm-552">
         <name>_IRQ_restore</name>
         <value>0x1d09a</value>
         <object_component_ref idref="oc-115"/>
      </symbol>
      <symbol id="sm-553">
         <name>_IRQ_getArg</name>
         <value>0x1d10a</value>
         <object_component_ref idref="oc-115"/>
      </symbol>
      <symbol id="sm-554">
         <name>_IRQ_setArg</name>
         <value>0x1d14e</value>
         <object_component_ref idref="oc-115"/>
      </symbol>
      <symbol id="sm-555">
         <name>_IRQ_getConfig</name>
         <value>0x1cefc</value>
         <object_component_ref idref="oc-115"/>
      </symbol>
      <symbol id="sm-556">
         <name>_IRQ_test</name>
         <value>0x1d1dc</value>
         <object_component_ref idref="oc-115"/>
      </symbol>
      <symbol id="sm-557">
         <name>_IRQ_clear</name>
         <value>0x1ce14</value>
         <object_component_ref idref="oc-115"/>
      </symbol>
      <symbol id="sm-558">
         <name>_IRQ_disable</name>
         <value>0x1cf84</value>
         <object_component_ref idref="oc-115"/>
      </symbol>
      <symbol id="sm-559">
         <name>_IRQ_globalRestore</name>
         <value>0x1d280</value>
         <object_component_ref idref="oc-115"/>
      </symbol>
      <symbol id="sm-55a">
         <name>_IRQ_map</name>
         <value>0x1d17f</value>
         <object_component_ref idref="oc-115"/>
      </symbol>
      <symbol id="sm-55b">
         <name>_IRQ_clearAll</name>
         <value>0x1ce67</value>
         <object_component_ref idref="oc-115"/>
      </symbol>
      <symbol id="sm-55c">
         <name>_IRQ_globalDisable</name>
         <value>0x1d24e</value>
         <object_component_ref idref="oc-115"/>
      </symbol>
      <symbol id="sm-55d">
         <name>_IRQ_globalEnable</name>
         <value>0x1d267</value>
         <object_component_ref idref="oc-115"/>
      </symbol>
      <symbol id="sm-55e">
         <name>_IRQ_disableAll</name>
         <value>0x1d002</value>
         <object_component_ref idref="oc-115"/>
      </symbol>
      <symbol id="sm-55f">
         <name>_IRQ_config</name>
         <value>0x1ce77</value>
         <object_component_ref idref="oc-115"/>
      </symbol>
      <symbol id="sm-560">
         <name>_IRQ_init</name>
         <value>0x1cd8c</value>
         <object_component_ref idref="oc-115"/>
      </symbol>
      <symbol id="sm-561">
         <name>_IRQ_enable</name>
         <value>0x1d010</value>
         <object_component_ref idref="oc-115"/>
      </symbol>
      <symbol id="sm-562">
         <name>_IRQ_setVecs</name>
         <value>0x1d1ab</value>
         <object_component_ref idref="oc-115"/>
      </symbol>
      <symbol id="sm-56d">
         <name>_IRQ_plug</name>
         <value>0x1f974</value>
         <object_component_ref idref="oc-11b"/>
      </symbol>
      <symbol id="sm-592">
         <name>_PLL_enable</name>
         <value>0x1dcae</value>
         <object_component_ref idref="oc-11f"/>
      </symbol>
      <symbol id="sm-593">
         <name>_PLL_bypass</name>
         <value>0x1dd15</value>
         <object_component_ref idref="oc-11f"/>
      </symbol>
      <symbol id="sm-594">
         <name>_PLL_reset</name>
         <value>0x1dd64</value>
         <object_component_ref idref="oc-11f"/>
      </symbol>
      <symbol id="sm-595">
         <name>_PLL_init</name>
         <value>0x1db3f</value>
         <object_component_ref idref="oc-11f"/>
      </symbol>
      <symbol id="sm-596">
         <name>_PLL_config</name>
         <value>0x1db77</value>
         <object_component_ref idref="oc-11f"/>
      </symbol>
      <symbol id="sm-597">
         <name>_getSysClk</name>
         <value>0x1ddd0</value>
         <object_component_ref idref="oc-11f"/>
      </symbol>
      <symbol id="sm-5bd">
         <name>_SYS_peripheralReset</name>
         <value>0x1e3f6</value>
         <object_component_ref idref="oc-124"/>
      </symbol>
      <symbol id="sm-5be">
         <name>_PG3_flag</name>
         <value>0x18492</value>
         <object_component_ref idref="oc-125"/>
      </symbol>
      <symbol id="sm-5bf">
         <name>_PG1_flag</name>
         <value>0x18494</value>
         <object_component_ref idref="oc-125"/>
      </symbol>
      <symbol id="sm-5c0">
         <name>_PG4_flag</name>
         <value>0x18490</value>
         <object_component_ref idref="oc-125"/>
      </symbol>
      <symbol id="sm-5c1">
         <name>_SYS_setEBSR</name>
         <value>0x1e484</value>
         <object_component_ref idref="oc-124"/>
      </symbol>
      <symbol id="sm-5c2">
         <name>_SYS_set_DSP_LDO_voltage</name>
         <value>0x1e62f</value>
         <object_component_ref idref="oc-124"/>
      </symbol>
      <symbol id="sm-60c">
         <name>_VECSTART</name>
         <value>0x25000</value>
         <object_component_ref idref="oc-12b"/>
      </symbol>
      <symbol id="sm-60d">
         <name>RST</name>
         <value>0x25000</value>
         <object_component_ref idref="oc-12b"/>
      </symbol>
   </symbol_table>
</link_info>
